
 /----------------------------------------------------------------------------\
 |  yosys -- Yosys Open SYnthesis Suite                                       |
 |  Copyright (C) 2012 - 2026  Claire Xenia Wolf <claire@yosyshq.com>         |
 |  Distributed under an ISC-like license, type "license" to see terms        |
 \----------------------------------------------------------------------------/
 Yosys 0.66+91 (git sha1 8869ce61d, Release, Clang /usr/local/osxcross/target/bin/aarch64-apple-darwin23.5-clang++ 18.1.8)

-- Running command `read_verilog rtl/uart_tx.v; synth_gowin -top uart_tx; stat' --

1. Executing Verilog-2005 frontend: rtl/uart_tx.v
Parsing Verilog input from `rtl/uart_tx.v' to AST representation.
Generating RTLIL representation for module `\uart_tx'.
Successfully finished Verilog frontend.

2. Executing SYNTH_GOWIN pass.

2.1. Executing Verilog-2005 frontend: /Users/paoloverwey/oss-cad-suite/libexec/../share/yosys/gowin/cells_sim.v
Parsing Verilog input from `/Users/paoloverwey/oss-cad-suite/libexec/../share/yosys/gowin/cells_sim.v' to AST representation.
Generating RTLIL representation for module `\LUT1'.
Generating RTLIL representation for module `\LUT2'.
Generating RTLIL representation for module `\LUT3'.
Generating RTLIL representation for module `\LUT4'.
Generating RTLIL representation for module `\__APICULA_LUT5'.
Generating RTLIL representation for module `\__APICULA_LUT6'.
Generating RTLIL representation for module `\__APICULA_LUT7'.
Generating RTLIL representation for module `\__APICULA_LUT8'.
Generating RTLIL representation for module `\MUX2'.
Generating RTLIL representation for module `\MUX2_LUT5'.
Generating RTLIL representation for module `\MUX2_LUT6'.
Generating RTLIL representation for module `\MUX2_LUT7'.
Generating RTLIL representation for module `\MUX2_LUT8'.
Generating RTLIL representation for module `\DFF'.
Generating RTLIL representation for module `\DFFE'.
Generating RTLIL representation for module `\DFFS'.
Generating RTLIL representation for module `\DFFSE'.
Generating RTLIL representation for module `\DFFR'.
Generating RTLIL representation for module `\DFFRE'.
Generating RTLIL representation for module `\DFFP'.
Generating RTLIL representation for module `\DFFPE'.
Generating RTLIL representation for module `\DFFC'.
Generating RTLIL representation for module `\DFFCE'.
Generating RTLIL representation for module `\DFFN'.
Generating RTLIL representation for module `\DFFNE'.
Generating RTLIL representation for module `\DFFNS'.
Generating RTLIL representation for module `\DFFNSE'.
Generating RTLIL representation for module `\DFFNR'.
Generating RTLIL representation for module `\DFFNRE'.
Generating RTLIL representation for module `\DFFNP'.
Generating RTLIL representation for module `\DFFNPE'.
Generating RTLIL representation for module `\DFFNC'.
Generating RTLIL representation for module `\DFFNCE'.
Generating RTLIL representation for module `\DL'.
Generating RTLIL representation for module `\DLN'.
Generating RTLIL representation for module `\DLE'.
Generating RTLIL representation for module `\DLNE'.
Generating RTLIL representation for module `\DLC'.
Generating RTLIL representation for module `\DLCE'.
Generating RTLIL representation for module `\DLNC'.
Generating RTLIL representation for module `\DLNCE'.
Generating RTLIL representation for module `\DLP'.
Generating RTLIL representation for module `\DLPE'.
Generating RTLIL representation for module `\DLNP'.
Generating RTLIL representation for module `\DLNPE'.
Generating RTLIL representation for module `\VCC'.
Generating RTLIL representation for module `\GND'.
Generating RTLIL representation for module `\IBUF'.
Generating RTLIL representation for module `\OBUF'.
Generating RTLIL representation for module `\TBUF'.
Generating RTLIL representation for module `\IOBUF'.
Generating RTLIL representation for module `\ELVDS_OBUF'.
Generating RTLIL representation for module `\TLVDS_OBUF'.
Generating RTLIL representation for module `\OSER4'.
Generating RTLIL representation for module `\OSER4_MEM'.
Generating RTLIL representation for module `\OSER8'.
Generating RTLIL representation for module `\OSER10'.
Generating RTLIL representation for module `\OVIDEO'.
Generating RTLIL representation for module `\OSER16'.
Generating RTLIL representation for module `\IDES4'.
Generating RTLIL representation for module `\IDES4_MEM'.
Generating RTLIL representation for module `\IDES8'.
Generating RTLIL representation for module `\IDES10'.
Generating RTLIL representation for module `\IVIDEO'.
Generating RTLIL representation for module `\IDES16'.
Generating RTLIL representation for module `\IDDR'.
Generating RTLIL representation for module `\IDDRC'.
Generating RTLIL representation for module `\DQS'.
Generating RTLIL representation for module `\ODDR'.
Generating RTLIL representation for module `\ODDRC'.
Generating RTLIL representation for module `\GSR'.
Generating RTLIL representation for module `\BANDGAP'.
Generating RTLIL representation for module `\ALU'.
Generating RTLIL representation for module `\RAM16S1'.
Generating RTLIL representation for module `\RAM16S2'.
Generating RTLIL representation for module `\RAM16S4'.
Generating RTLIL representation for module `\RAM16SDP1'.
Generating RTLIL representation for module `\RAM16SDP2'.
Generating RTLIL representation for module `\RAM16SDP4'.
Generating RTLIL representation for module `\SP'.
Generating RTLIL representation for module `\SPX9'.
Generating RTLIL representation for module `\SDP'.
Generating RTLIL representation for module `\SDPX9'.
Generating RTLIL representation for module `\DP'.
Generating RTLIL representation for module `\DPX9'.
Generating RTLIL representation for module `\rPLL'.
Generating RTLIL representation for module `\PLLVR'.
Generating RTLIL representation for module `\OSC'.
Generating RTLIL representation for module `\OSCZ'.
Generating RTLIL representation for module `\OSCF'.
Generating RTLIL representation for module `\OSCH'.
Generating RTLIL representation for module `\OSCW'.
Generating RTLIL representation for module `\OSCO'.
Generating RTLIL representation for module `\EMCU'.
Successfully finished Verilog frontend.

2.2. Executing Verilog-2005 frontend: /Users/paoloverwey/oss-cad-suite/libexec/../share/yosys/gowin/cells_xtra_gw1n.v
Parsing Verilog input from `/Users/paoloverwey/oss-cad-suite/libexec/../share/yosys/gowin/cells_xtra_gw1n.v' to AST representation.
Generating RTLIL representation for module `\LUT5'.
Generating RTLIL representation for module `\LUT6'.
Generating RTLIL representation for module `\LUT7'.
Generating RTLIL representation for module `\LUT8'.
Generating RTLIL representation for module `\INV'.
Generating RTLIL representation for module `\IODELAY'.
Generating RTLIL representation for module `\IEM'.
Generating RTLIL representation for module `\ROM16'.
Generating RTLIL representation for module `\ROM'.
Generating RTLIL representation for module `\ROMX9'.
Generating RTLIL representation for module `\pROM'.
Generating RTLIL representation for module `\pROMX9'.
Generating RTLIL representation for module `\SDPB'.
Generating RTLIL representation for module `\SDPX9B'.
Generating RTLIL representation for module `\DPB'.
Generating RTLIL representation for module `\DPX9B'.
Generating RTLIL representation for module `\PADD18'.
Generating RTLIL representation for module `\PADD9'.
Generating RTLIL representation for module `\MULT9X9'.
Generating RTLIL representation for module `\MULT18X18'.
Generating RTLIL representation for module `\MULT36X36'.
Generating RTLIL representation for module `\MULTALU36X18'.
Generating RTLIL representation for module `\MULTADDALU18X18'.
Generating RTLIL representation for module `\MULTALU18X18'.
Generating RTLIL representation for module `\ALU54D'.
Generating RTLIL representation for module `\BUFG'.
Generating RTLIL representation for module `\BUFS'.
Generating RTLIL representation for module `\PLL'.
Generating RTLIL representation for module `\TLVDS_IBUF'.
Generating RTLIL representation for module `\TLVDS_TBUF'.
Generating RTLIL representation for module `\TLVDS_IOBUF'.
Generating RTLIL representation for module `\ELVDS_IBUF'.
Generating RTLIL representation for module `\ELVDS_TBUF'.
Generating RTLIL representation for module `\ELVDS_IOBUF'.
Generating RTLIL representation for module `\MIPI_IBUF'.
Generating RTLIL representation for module `\MIPI_IBUF_HS'.
Generating RTLIL representation for module `\MIPI_IBUF_LP'.
Generating RTLIL representation for module `\MIPI_OBUF'.
Generating RTLIL representation for module `\MIPI_OBUF_A'.
Generating RTLIL representation for module `\ELVDS_IBUF_MIPI'.
Generating RTLIL representation for module `\I3C_IOBUF'.
Generating RTLIL representation for module `\CLKDIV'.
Generating RTLIL representation for module `\DHCEN'.
Generating RTLIL representation for module `\DLLDLY'.
Generating RTLIL representation for module `\FLASH96K'.
Generating RTLIL representation for module `\FLASH256K'.
Generating RTLIL representation for module `\FLASH608K'.
Generating RTLIL representation for module `\DCS'.
Generating RTLIL representation for module `\DQCE'.
Generating RTLIL representation for module `\CLKDIV2'.
Generating RTLIL representation for module `\DHCENC'.
Generating RTLIL representation for module `\FLASH64K'.
Generating RTLIL representation for module `\FLASH64KZ'.
Successfully finished Verilog frontend.

2.3. Executing HIERARCHY pass (managing design hierarchy).

2.3.1. Analyzing design hierarchy..
Top module:  \uart_tx

2.3.2. Analyzing design hierarchy..
Top module:  \uart_tx
Removed 0 unused modules.

2.4. Executing PROC pass (convert processes to netlists).

2.4.1. Executing PROC_CLEAN pass (remove empty switches from decision trees).
Cleaned up 0 empty switches.

2.4.2. Executing PROC_RMDEAD pass (remove dead branches from decision trees).
Marked 10 switch rules as full_case in process $proc$rtl/uart_tx.v:56$4 in module uart_tx.
Removed a total of 0 dead cases.

2.4.3. Executing PROC_PRUNE pass (remove redundant assignments in processes).
Removed 0 redundant assignments.
Promoted 10 assignments to connections.

2.4.4. Executing PROC_INIT pass (extract init attributes).
Found init rule in `\uart_tx.$proc$rtl/uart_tx.v:40$42'.
  Set init value: \txByteConsumed = 1'0
  Set init value: \txState = 4'0000
  Set init value: \txCounter = 13'0000000000000
  Set init value: \dataOut = 8'00000000
  Set init value: \txPinRegister = 1'1
  Set init value: \txBitNumber = 3'000
  Set init value: \txAccumulator = 4'0000
  Set init value: \txDelayFrames = 13'0000011101010
  Set init value: \txByteValidPrev = 1'0

2.4.5. Executing PROC_ARST pass (detect async resets in processes).

2.4.6. Executing PROC_ROM pass (convert switches to ROMs).
Converted 0 switches.
<suppressed ~11 debug messages>

2.4.7. Executing PROC_MUX pass (convert decision trees to multiplexers).
Creating decoders for process `\uart_tx.$proc$rtl/uart_tx.v:40$42'.
Creating decoders for process `\uart_tx.$proc$rtl/uart_tx.v:56$4'.
     1/8: $0\txDelayFrames[12:0]
     2/8: $0\txAccumulator[3:0]
     3/8: $0\txBitNumber[2:0]
     4/8: $0\txPinRegister[0:0]
     5/8: $0\dataOut[7:0]
     6/8: $0\txCounter[12:0]
     7/8: $0\txState[3:0]
     8/8: $0\txByteConsumed[0:0]
Creating decoders for process `\uart_tx.$proc$rtl/uart_tx.v:52$3'.

2.4.8. Executing PROC_DLATCH pass (convert process syncs to latches).

2.4.9. Executing PROC_DFF pass (convert process syncs to FFs).
Creating register for signal `\uart_tx.\txByteConsumed' using process `\uart_tx.$proc$rtl/uart_tx.v:56$4'.
  created $dff cell `$procdff$522' with positive edge clock.
Creating register for signal `\uart_tx.\txState' using process `\uart_tx.$proc$rtl/uart_tx.v:56$4'.
  created $dff cell `$procdff$523' with positive edge clock.
Creating register for signal `\uart_tx.\txCounter' using process `\uart_tx.$proc$rtl/uart_tx.v:56$4'.
  created $dff cell `$procdff$524' with positive edge clock.
Creating register for signal `\uart_tx.\dataOut' using process `\uart_tx.$proc$rtl/uart_tx.v:56$4'.
  created $dff cell `$procdff$525' with positive edge clock.
Creating register for signal `\uart_tx.\txPinRegister' using process `\uart_tx.$proc$rtl/uart_tx.v:56$4'.
  created $dff cell `$procdff$526' with positive edge clock.
Creating register for signal `\uart_tx.\txBitNumber' using process `\uart_tx.$proc$rtl/uart_tx.v:56$4'.
  created $dff cell `$procdff$527' with positive edge clock.
Creating register for signal `\uart_tx.\txAccumulator' using process `\uart_tx.$proc$rtl/uart_tx.v:56$4'.
  created $dff cell `$procdff$528' with positive edge clock.
Creating register for signal `\uart_tx.\txDelayFrames' using process `\uart_tx.$proc$rtl/uart_tx.v:56$4'.
  created $dff cell `$procdff$529' with positive edge clock.
Creating register for signal `\uart_tx.\txByteValidPrev' using process `\uart_tx.$proc$rtl/uart_tx.v:52$3'.
  created $dff cell `$procdff$530' with positive edge clock.

2.4.10. Executing PROC_MEMWR pass (convert process memory writes to cells).

2.4.11. Executing PROC_CLEAN pass (remove empty switches from decision trees).
Removing empty process `uart_tx.$proc$rtl/uart_tx.v:40$42'.
Found and cleaned up 11 empty switches in `\uart_tx.$proc$rtl/uart_tx.v:56$4'.
Removing empty process `uart_tx.$proc$rtl/uart_tx.v:56$4'.
Removing empty process `uart_tx.$proc$rtl/uart_tx.v:52$3'.
Cleaned up 11 empty switches.

2.4.12. Executing OPT_EXPR pass (perform const folding).
Optimizing module uart_tx.
<suppressed ~6 debug messages>

2.5. Executing CHECK pass (checking for obvious problems).
Checking module uart_tx...
Found and reported 0 problems.

2.6. Executing FLATTEN pass (flatten design).

2.7. Executing TRIBUF pass.

2.8. Executing DEMINOUT pass (demote inout ports to input or output).

2.9. Executing OPT_EXPR pass (perform const folding).
Optimizing module uart_tx.

2.10. Executing OPT_CLEAN pass (remove unused cells and wires).
Finding unused cells or wires in module \uart_tx..
Removed 0 unused cells and 53 unused wires.
<suppressed ~1 debug messages>

2.11. Executing CHECK pass (checking for obvious problems).
Checking module uart_tx...
Found and reported 0 problems.

2.12. Executing OPT pass (performing simple optimizations).

2.12.1. Executing OPT_EXPR pass (perform const folding).
Optimizing module uart_tx.

2.12.2. Executing OPT_MERGE pass (detect identical cells).
Finding identical cells in module `\uart_tx'.
Computing hashes of 116 cells of `\uart_tx'.
Finding duplicate cells in `\uart_tx'.
Computing hashes of 75 cells of `\uart_tx'.
Finding duplicate cells in `\uart_tx'.
Computing hashes of 66 cells of `\uart_tx'.
Finding duplicate cells in `\uart_tx'.
<suppressed ~150 debug messages>
Removed a total of 50 cells.

2.12.3. Executing OPT_MUXTREE pass (detect dead branches in mux trees).
Running muxtree optimizer on module \uart_tx..
  Creating internal representation of mux trees.
  Evaluating internal representation of mux trees.
  Analyzing evaluation results.
Removed 0 multiplexer ports.
<suppressed ~49 debug messages>

2.12.4. Executing OPT_REDUCE pass (consolidate $*mux and $reduce_* inputs).
  Optimizing cells in module \uart_tx.
Performed a total of 0 changes.

2.12.5. Executing OPT_MERGE pass (detect identical cells).
Finding identical cells in module `\uart_tx'.
Computing hashes of 66 cells of `\uart_tx'.
Finding duplicate cells in `\uart_tx'.
Computing hashes of 57 cells of `\uart_tx'.
Finding duplicate cells in `\uart_tx'.
Computing hashes of 51 cells of `\uart_tx'.
Finding duplicate cells in `\uart_tx'.
<suppressed ~45 debug messages>
Removed a total of 15 cells.

2.12.6. Executing OPT_DFF pass (perform DFF optimizations).

2.12.7. Executing OPT_CLEAN pass (remove unused cells and wires).
Finding unused cells or wires in module \uart_tx..
Removed 0 unused cells and 65 unused wires.
<suppressed ~1 debug messages>

2.12.8. Executing OPT_EXPR pass (perform const folding).
Optimizing module uart_tx.

2.12.9. Rerunning OPT passes. (Maybe there is more to do..)

2.12.10. Executing OPT_MUXTREE pass (detect dead branches in mux trees).
Running muxtree optimizer on module \uart_tx..
  Creating internal representation of mux trees.
  Evaluating internal representation of mux trees.
  Analyzing evaluation results.
Removed 0 multiplexer ports.
<suppressed ~49 debug messages>

2.12.11. Executing OPT_REDUCE pass (consolidate $*mux and $reduce_* inputs).
  Optimizing cells in module \uart_tx.
    New ctrl vector for $pmux cell $procmux$416: $auto$opt_reduce.cc:135:opt_pmux$532
    New ctrl vector for $pmux cell $procmux$387: $auto$opt_reduce.cc:135:opt_pmux$534
    New ctrl vector for $pmux cell $procmux$474: { $auto$opt_reduce.cc:135:opt_pmux$536 $procmux$461_CMP }
  Optimizing cells in module \uart_tx.
Performed a total of 3 changes.

2.12.12. Executing OPT_MERGE pass (detect identical cells).
Finding identical cells in module `\uart_tx'.
Computing hashes of 54 cells of `\uart_tx'.
Finding duplicate cells in `\uart_tx'.
Computing hashes of 52 cells of `\uart_tx'.
Finding duplicate cells in `\uart_tx'.
<suppressed ~6 debug messages>
Removed a total of 2 cells.

2.12.13. Executing OPT_DFF pass (perform DFF optimizations).

2.12.14. Executing OPT_CLEAN pass (remove unused cells and wires).
Finding unused cells or wires in module \uart_tx..
Removed 0 unused cells and 2 unused wires.
<suppressed ~1 debug messages>

2.12.15. Executing OPT_EXPR pass (perform const folding).
Optimizing module uart_tx.

2.12.16. Rerunning OPT passes. (Maybe there is more to do..)

2.12.17. Executing OPT_MUXTREE pass (detect dead branches in mux trees).
Running muxtree optimizer on module \uart_tx..
  Creating internal representation of mux trees.
  Evaluating internal representation of mux trees.
  Analyzing evaluation results.
Removed 0 multiplexer ports.
<suppressed ~34 debug messages>

2.12.18. Executing OPT_REDUCE pass (consolidate $*mux and $reduce_* inputs).
  Optimizing cells in module \uart_tx.
Performed a total of 0 changes.

2.12.19. Executing OPT_MERGE pass (detect identical cells).
Finding identical cells in module `\uart_tx'.
Computing hashes of 52 cells of `\uart_tx'.
Finding duplicate cells in `\uart_tx'.
Removed a total of 0 cells.

2.12.20. Executing OPT_DFF pass (perform DFF optimizations).

2.12.21. Executing OPT_CLEAN pass (remove unused cells and wires).
Finding unused cells or wires in module \uart_tx..

2.12.22. Executing OPT_EXPR pass (perform const folding).
Optimizing module uart_tx.

2.12.23. Finished fast OPT passes. (There is nothing left to do.)

2.13. Executing FSM pass (extract and optimize FSM).

2.13.1. Executing FSM_DETECT pass (finding FSMs in design).
Not marking uart_tx.txDelayFrames as FSM state register:
    Users of register don't seem to benefit from recoding.
    Register has an initialization value.
Not marking uart_tx.txState as FSM state register:
    Register has an initialization value.

2.13.2. Executing FSM_EXTRACT pass (extracting FSM from design).

2.13.3. Executing FSM_OPT pass (simple optimizations of FSMs).

2.13.4. Executing OPT_CLEAN pass (remove unused cells and wires).
Finding unused cells or wires in module \uart_tx..

2.13.5. Executing FSM_OPT pass (simple optimizations of FSMs).

2.13.6. Executing FSM_RECODE pass (re-assigning FSM state encoding).

2.13.7. Executing FSM_INFO pass (dumping all available information on FSM cells).

2.13.8. Executing FSM_MAP pass (mapping FSMs to basic logic).

2.14. Executing OPT pass (performing simple optimizations).

2.14.1. Executing OPT_EXPR pass (perform const folding).
Optimizing module uart_tx.

2.14.2. Executing OPT_MERGE pass (detect identical cells).
Finding identical cells in module `\uart_tx'.
Computing hashes of 52 cells of `\uart_tx'.
Finding duplicate cells in `\uart_tx'.
Removed a total of 0 cells.

2.14.3. Executing OPT_MUXTREE pass (detect dead branches in mux trees).
Running muxtree optimizer on module \uart_tx..
  Creating internal representation of mux trees.
  Evaluating internal representation of mux trees.
  Analyzing evaluation results.
Removed 0 multiplexer ports.
<suppressed ~34 debug messages>

2.14.4. Executing OPT_REDUCE pass (consolidate $*mux and $reduce_* inputs).
  Optimizing cells in module \uart_tx.
Performed a total of 0 changes.

2.14.5. Executing OPT_MERGE pass (detect identical cells).
Finding identical cells in module `\uart_tx'.
Computing hashes of 52 cells of `\uart_tx'.
Finding duplicate cells in `\uart_tx'.
Removed a total of 0 cells.

2.14.6. Executing OPT_DFF pass (perform DFF optimizations).
Adding EN signal on $procdff$522 ($dff) from module uart_tx (D = $0\txByteConsumed[0:0], Q = \txByteConsumed).
Adding EN signal on $procdff$523 ($dff) from module uart_tx (D = $0\txState[3:0], Q = \txState).
Adding EN signal on $procdff$529 ($dff) from module uart_tx (D = $procmux$383_Y, Q = \txDelayFrames).
Adding EN signal on $procdff$524 ($dff) from module uart_tx (D = $0\txCounter[12:0], Q = \txCounter).
Adding EN signal on $procdff$525 ($dff) from module uart_tx (D = \txByteData, Q = \dataOut).
Adding EN signal on $procdff$526 ($dff) from module uart_tx (D = $0\txPinRegister[0:0], Q = \txPinRegister).
Adding EN signal on $procdff$527 ($dff) from module uart_tx (D = $0\txBitNumber[2:0], Q = \txBitNumber).
Adding EN signal on $procdff$528 ($dff) from module uart_tx (D = $procmux$412_Y, Q = \txAccumulator).

2.14.7. Executing OPT_CLEAN pass (remove unused cells and wires).
Finding unused cells or wires in module \uart_tx..
Removed 6 unused cells and 6 unused wires.
<suppressed ~7 debug messages>

2.14.8. Executing OPT_EXPR pass (perform const folding).
Optimizing module uart_tx.
<suppressed ~5 debug messages>

2.14.9. Rerunning OPT passes. (Maybe there is more to do..)

2.14.10. Executing OPT_MUXTREE pass (detect dead branches in mux trees).
Running muxtree optimizer on module \uart_tx..
  Creating internal representation of mux trees.
  Evaluating internal representation of mux trees.
  Analyzing evaluation results.
Removed 0 multiplexer ports.
<suppressed ~27 debug messages>

2.14.11. Executing OPT_REDUCE pass (consolidate $*mux and $reduce_* inputs).
  Optimizing cells in module \uart_tx.
Performed a total of 0 changes.

2.14.12. Executing OPT_MERGE pass (detect identical cells).
Finding identical cells in module `\uart_tx'.
Computing hashes of 71 cells of `\uart_tx'.
Finding duplicate cells in `\uart_tx'.
Computing hashes of 65 cells of `\uart_tx'.
Finding duplicate cells in `\uart_tx'.
<suppressed ~18 debug messages>
Removed a total of 6 cells.

2.14.13. Executing OPT_DFF pass (perform DFF optimizations).

2.14.14. Executing OPT_CLEAN pass (remove unused cells and wires).
Finding unused cells or wires in module \uart_tx..
Removed 0 unused cells and 6 unused wires.
<suppressed ~1 debug messages>

2.14.15. Executing OPT_EXPR pass (perform const folding).
Optimizing module uart_tx.

2.14.16. Rerunning OPT passes. (Maybe there is more to do..)

2.14.17. Executing OPT_MUXTREE pass (detect dead branches in mux trees).
Running muxtree optimizer on module \uart_tx..
  Creating internal representation of mux trees.
  Evaluating internal representation of mux trees.
  Analyzing evaluation results.
Removed 0 multiplexer ports.
<suppressed ~27 debug messages>

2.14.18. Executing OPT_REDUCE pass (consolidate $*mux and $reduce_* inputs).
  Optimizing cells in module \uart_tx.
Performed a total of 0 changes.

2.14.19. Executing OPT_MERGE pass (detect identical cells).
Finding identical cells in module `\uart_tx'.
Computing hashes of 65 cells of `\uart_tx'.
Finding duplicate cells in `\uart_tx'.
Removed a total of 0 cells.

2.14.20. Executing OPT_DFF pass (perform DFF optimizations).

2.14.21. Executing OPT_CLEAN pass (remove unused cells and wires).
Finding unused cells or wires in module \uart_tx..

2.14.22. Executing OPT_EXPR pass (perform const folding).
Optimizing module uart_tx.

2.14.23. Finished fast OPT passes. (There is nothing left to do.)

2.15. Executing WREDUCE pass (reducing word size of cells).
Removed top 31 bits (of 32) from port B of cell uart_tx.$add$rtl/uart_tx.v:92$17 ($add).
Removed top 29 bits (of 32) from port Y of cell uart_tx.$add$rtl/uart_tx.v:92$17 ($add).
Removed top 28 bits (of 32) from port B of cell uart_tx.$ge$rtl/uart_tx.v:133$37 ($ge).
Removed top 28 bits (of 32) from port B of cell uart_tx.$sub$rtl/uart_tx.v:135$39 ($sub).
Removed top 28 bits (of 32) from port Y of cell uart_tx.$sub$rtl/uart_tx.v:135$39 ($sub).
Removed top 28 bits (of 32) from port A of cell uart_tx.$sub$rtl/uart_tx.v:135$39 ($sub).
Removed top 30 bits (of 32) from port B of cell uart_tx.$add$rtl/uart_tx.v:138$40 ($add).
Removed top 27 bits (of 32) from port Y of cell uart_tx.$add$rtl/uart_tx.v:138$40 ($add).
Removed top 31 bits (of 32) from port B of cell uart_tx.$add$rtl/uart_tx.v:141$41 ($add).
Removed top 18 bits (of 32) from port Y of cell uart_tx.$add$rtl/uart_tx.v:141$41 ($add).
Removed top 12 bits (of 13) from mux cell uart_tx.$procmux$405 ($mux).
Removed top 2 bits (of 4) from port B of cell uart_tx.$procmux$500_CMP0 ($eq).
Removed top 2 bits (of 4) from port B of cell uart_tx.$procmux$507_CMP0 ($eq).
Removed top 3 bits (of 4) from port B of cell uart_tx.$procmux$511_CMP0 ($eq).
Removed top 1 bits (of 4) from port B of cell uart_tx.$procmux$520_CMP0 ($eq).
Removed top 27 bits (of 32) from port A of cell uart_tx.$ge$rtl/uart_tx.v:133$37 ($ge).
Removed top 28 bits (of 32) from wire uart_tx.$sub$rtl/uart_tx.v:116$31_Y.
Removed top 31 bits (of 32) from wire uart_tx.$reduce_xor$rtl/uart_tx.v:109$24_Y.
Removed top 18 bits (of 32) from wire uart_tx.$add$rtl/uart_tx.v:105$23_Y.
Removed top 27 bits (of 32) from wire uart_tx.$add$rtl/uart_tx.v:101$22_Y.
Removed top 29 bits (of 32) from wire uart_tx.$add$rtl/uart_tx.v:92$17_Y.
Removed top 12 bits (of 13) from wire uart_tx.$procmux$383_Y.

2.16. Executing PEEPOPT pass (run peephole optimizers).

2.17. Executing OPT_CLEAN pass (remove unused cells and wires).
Finding unused cells or wires in module \uart_tx..
Removed 0 unused cells and 6 unused wires.
<suppressed ~1 debug messages>

2.18. Executing SHARE pass (SAT-based resource sharing).

2.19. Executing TECHMAP pass (map to technology primitives).

2.19.1. Executing Verilog-2005 frontend: /Users/paoloverwey/oss-cad-suite/libexec/../share/yosys/mul2dsp.v
Parsing Verilog input from `/Users/paoloverwey/oss-cad-suite/libexec/../share/yosys/mul2dsp.v' to AST representation.
Generating RTLIL representation for module `\_80_mul'.
Generating RTLIL representation for module `\_90_soft_mul'.
Successfully finished Verilog frontend.

2.19.2. Continuing TECHMAP pass.
No more expansions possible.
<suppressed ~4 debug messages>

2.20. Executing TECHMAP pass (map to technology primitives).

2.20.1. Executing Verilog-2005 frontend: /Users/paoloverwey/oss-cad-suite/libexec/../share/yosys/mul2dsp.v
Parsing Verilog input from `/Users/paoloverwey/oss-cad-suite/libexec/../share/yosys/mul2dsp.v' to AST representation.
Generating RTLIL representation for module `\_80_mul'.
Generating RTLIL representation for module `\_90_soft_mul'.
Successfully finished Verilog frontend.

2.20.2. Continuing TECHMAP pass.
No more expansions possible.
<suppressed ~4 debug messages>

2.21. Executing TECHMAP pass (map to technology primitives).

2.21.1. Executing Verilog-2005 frontend: /Users/paoloverwey/oss-cad-suite/libexec/../share/yosys/mul2dsp.v
Parsing Verilog input from `/Users/paoloverwey/oss-cad-suite/libexec/../share/yosys/mul2dsp.v' to AST representation.
Generating RTLIL representation for module `\_80_mul'.
Generating RTLIL representation for module `\_90_soft_mul'.
Successfully finished Verilog frontend.

2.21.2. Continuing TECHMAP pass.
No more expansions possible.
<suppressed ~4 debug messages>

2.22. Executing TECHMAP pass (map to technology primitives).

2.22.1. Executing Verilog-2005 frontend: /Users/paoloverwey/oss-cad-suite/libexec/../share/yosys/mul2dsp.v
Parsing Verilog input from `/Users/paoloverwey/oss-cad-suite/libexec/../share/yosys/mul2dsp.v' to AST representation.
Generating RTLIL representation for module `\_80_mul'.
Generating RTLIL representation for module `\_90_soft_mul'.
Successfully finished Verilog frontend.

2.22.2. Continuing TECHMAP pass.
No more expansions possible.
<suppressed ~4 debug messages>

2.23. Executing TECHMAP pass (map to technology primitives).

2.23.1. Executing Verilog-2005 frontend: /Users/paoloverwey/oss-cad-suite/libexec/../share/yosys/gowin/dsp_map.v
Parsing Verilog input from `/Users/paoloverwey/oss-cad-suite/libexec/../share/yosys/gowin/dsp_map.v' to AST representation.
Generating RTLIL representation for module `$__MUL9X9'.
Generating RTLIL representation for module `$__MUL18X18'.
Generating RTLIL representation for module `$__MUL36X36'.
Successfully finished Verilog frontend.

2.23.2. Continuing TECHMAP pass.
No more expansions possible.
<suppressed ~5 debug messages>

2.24. Executing ALUMACC pass (create $alu and $macc cells).
Extracting $alu and $macc cells in module uart_tx:
  creating $macc model for $add$rtl/uart_tx.v:141$41 ($add).
  creating $macc model for $add$rtl/uart_tx.v:138$40 ($add).
  creating $macc model for $sub$rtl/uart_tx.v:135$39 ($sub).
  creating $macc model for $add$rtl/uart_tx.v:92$17 ($add).
  creating $alu model for $macc $add$rtl/uart_tx.v:92$17.
  creating $alu model for $macc $sub$rtl/uart_tx.v:135$39.
  creating $alu model for $macc $add$rtl/uart_tx.v:138$40.
  creating $alu model for $macc $add$rtl/uart_tx.v:141$41.
  creating $alu model for $ge$rtl/uart_tx.v:133$37 ($ge): new $alu
  creating $alu cell for $ge$rtl/uart_tx.v:133$37: $auto$alumacc.cc:512:replace_alu$602
  creating $alu cell for $add$rtl/uart_tx.v:141$41: $auto$alumacc.cc:512:replace_alu$615
  creating $alu cell for $add$rtl/uart_tx.v:138$40: $auto$alumacc.cc:512:replace_alu$618
  creating $alu cell for $sub$rtl/uart_tx.v:135$39: $auto$alumacc.cc:512:replace_alu$621
  creating $alu cell for $add$rtl/uart_tx.v:92$17: $auto$alumacc.cc:512:replace_alu$624
  created 5 $alu and 0 $macc cells.

2.25. Executing OPT pass (performing simple optimizations).

2.25.1. Executing OPT_EXPR pass (perform const folding).
Optimizing module uart_tx.

2.25.2. Executing OPT_MERGE pass (detect identical cells).
Finding identical cells in module `\uart_tx'.
Computing hashes of 70 cells of `\uart_tx'.
Finding duplicate cells in `\uart_tx'.
Removed a total of 0 cells.

2.25.3. Executing OPT_MUXTREE pass (detect dead branches in mux trees).
Running muxtree optimizer on module \uart_tx..
  Creating internal representation of mux trees.
  Evaluating internal representation of mux trees.
  Analyzing evaluation results.
Removed 0 multiplexer ports.
<suppressed ~27 debug messages>

2.25.4. Executing OPT_REDUCE pass (consolidate $*mux and $reduce_* inputs).
  Optimizing cells in module \uart_tx.
Performed a total of 0 changes.

2.25.5. Executing OPT_MERGE pass (detect identical cells).
Finding identical cells in module `\uart_tx'.
Computing hashes of 70 cells of `\uart_tx'.
Finding duplicate cells in `\uart_tx'.
Removed a total of 0 cells.

2.25.6. Executing OPT_DFF pass (perform DFF optimizations).
Setting constant 1-bit at position 1 on $auto$ff.cc:337:slice$561 ($dffe) from module uart_tx.
Setting constant 0-bit at position 2 on $auto$ff.cc:337:slice$561 ($dffe) from module uart_tx.
Setting constant 1-bit at position 3 on $auto$ff.cc:337:slice$561 ($dffe) from module uart_tx.
Setting constant 0-bit at position 4 on $auto$ff.cc:337:slice$561 ($dffe) from module uart_tx.
Setting constant 1-bit at position 5 on $auto$ff.cc:337:slice$561 ($dffe) from module uart_tx.
Setting constant 1-bit at position 6 on $auto$ff.cc:337:slice$561 ($dffe) from module uart_tx.
Setting constant 1-bit at position 7 on $auto$ff.cc:337:slice$561 ($dffe) from module uart_tx.
Setting constant 0-bit at position 8 on $auto$ff.cc:337:slice$561 ($dffe) from module uart_tx.
Setting constant 0-bit at position 9 on $auto$ff.cc:337:slice$561 ($dffe) from module uart_tx.
Setting constant 0-bit at position 10 on $auto$ff.cc:337:slice$561 ($dffe) from module uart_tx.
Setting constant 0-bit at position 11 on $auto$ff.cc:337:slice$561 ($dffe) from module uart_tx.
Setting constant 0-bit at position 12 on $auto$ff.cc:337:slice$561 ($dffe) from module uart_tx.

2.25.7. Executing OPT_CLEAN pass (remove unused cells and wires).
Finding unused cells or wires in module \uart_tx..
Removed 0 unused cells and 1 unused wires.
<suppressed ~1 debug messages>

2.25.8. Executing OPT_EXPR pass (perform const folding).
Optimizing module uart_tx.

2.25.9. Rerunning OPT passes. (Maybe there is more to do..)

2.25.10. Executing OPT_MUXTREE pass (detect dead branches in mux trees).
Running muxtree optimizer on module \uart_tx..
  Creating internal representation of mux trees.
  Evaluating internal representation of mux trees.
  Analyzing evaluation results.
Removed 0 multiplexer ports.
<suppressed ~27 debug messages>

2.25.11. Executing OPT_REDUCE pass (consolidate $*mux and $reduce_* inputs).
  Optimizing cells in module \uart_tx.
Performed a total of 0 changes.

2.25.12. Executing OPT_MERGE pass (detect identical cells).
Finding identical cells in module `\uart_tx'.
Computing hashes of 70 cells of `\uart_tx'.
Finding duplicate cells in `\uart_tx'.
Removed a total of 0 cells.

2.25.13. Executing OPT_DFF pass (perform DFF optimizations).

2.25.14. Executing OPT_CLEAN pass (remove unused cells and wires).
Finding unused cells or wires in module \uart_tx..

2.25.15. Executing OPT_EXPR pass (perform const folding).
Optimizing module uart_tx.

2.25.16. Finished fast OPT passes. (There is nothing left to do.)

2.26. Executing MEMORY pass.

2.26.1. Executing OPT_MEM pass (optimize memories).
Performed a total of 0 transformations.

2.26.2. Executing OPT_MEM_PRIORITY pass (removing unnecessary memory write priority relations).
Performed a total of 0 transformations.

2.26.3. Executing OPT_MEM_FEEDBACK pass (finding memory read-to-write feedback paths).

2.26.4. Executing MEMORY_BMUX2ROM pass (converting muxes to ROMs).

2.26.5. Executing MEMORY_DFF pass (merging $dff cells to $memrd).

2.26.6. Executing OPT_CLEAN pass (remove unused cells and wires).
Finding unused cells or wires in module \uart_tx..

2.26.7. Executing MEMORY_SHARE pass (consolidating $memrd/$memwr cells).

2.26.8. Executing OPT_MEM_WIDEN pass (optimize memories where all ports are wide).
Performed a total of 0 transformations.

2.26.9. Executing OPT_CLEAN pass (remove unused cells and wires).
Finding unused cells or wires in module \uart_tx..

2.26.10. Executing MEMORY_COLLECT pass (generating $mem cells).

2.27. Executing OPT_CLEAN pass (remove unused cells and wires).
Finding unused cells or wires in module \uart_tx..

2.28. Executing MEMORY_LIBMAP pass (mapping memories to cells).

2.29. Executing TECHMAP pass (map to technology primitives).

2.29.1. Executing Verilog-2005 frontend: /Users/paoloverwey/oss-cad-suite/libexec/../share/yosys/gowin/lutrams_map.v
Parsing Verilog input from `/Users/paoloverwey/oss-cad-suite/libexec/../share/yosys/gowin/lutrams_map.v' to AST representation.
Generating RTLIL representation for module `$__GOWIN_LUTRAM_'.
Successfully finished Verilog frontend.

2.29.2. Executing Verilog-2005 frontend: /Users/paoloverwey/oss-cad-suite/libexec/../share/yosys/gowin/brams_map.v
Parsing Verilog input from `/Users/paoloverwey/oss-cad-suite/libexec/../share/yosys/gowin/brams_map.v' to AST representation.
Generating RTLIL representation for module `$__GOWIN_SP_'.
Generating RTLIL representation for module `$__GOWIN_DP_'.
Generating RTLIL representation for module `$__GOWIN_SDP_'.
Successfully finished Verilog frontend.

2.29.3. Continuing TECHMAP pass.
No more expansions possible.
<suppressed ~6 debug messages>

2.30. Executing OPT pass (performing simple optimizations).

2.30.1. Executing OPT_EXPR pass (perform const folding).
Optimizing module uart_tx.
<suppressed ~20 debug messages>

2.30.2. Executing OPT_MERGE pass (detect identical cells).
Finding identical cells in module `\uart_tx'.
Computing hashes of 63 cells of `\uart_tx'.
Finding duplicate cells in `\uart_tx'.
Computing hashes of 60 cells of `\uart_tx'.
Finding duplicate cells in `\uart_tx'.
<suppressed ~9 debug messages>
Removed a total of 3 cells.

2.30.3. Executing OPT_DFF pass (perform DFF optimizations).
Adding SRST signal on $auto$ff.cc:337:slice$564 ($dffe) from module uart_tx (D = $add$rtl/uart_tx.v:105$23_Y [12:0], Q = \txCounter, rval = 13'0000000000000).
Adding SRST signal on $auto$ff.cc:337:slice$581 ($dffe) from module uart_tx (D = $procmux$445_Y, Q = \txBitNumber, rval = 3'000).

2.30.4. Executing OPT_CLEAN pass (remove unused cells and wires).
Finding unused cells or wires in module \uart_tx..
Removed 3 unused cells and 22 unused wires.
<suppressed ~4 debug messages>

2.30.5. Rerunning OPT passes. (Removed registers in this run.)

2.30.6. Executing OPT_EXPR pass (perform const folding).
Optimizing module uart_tx.
<suppressed ~1 debug messages>

2.30.7. Executing OPT_MERGE pass (detect identical cells).
Finding identical cells in module `\uart_tx'.
Computing hashes of 57 cells of `\uart_tx'.
Finding duplicate cells in `\uart_tx'.
Removed a total of 0 cells.

2.30.8. Executing OPT_DFF pass (perform DFF optimizations).

2.30.9. Executing OPT_CLEAN pass (remove unused cells and wires).
Finding unused cells or wires in module \uart_tx..
Removed 0 unused cells and 1 unused wires.
<suppressed ~1 debug messages>

2.30.10. Finished fast OPT passes.

2.31. Executing MEMORY_MAP pass (converting memories to logic and flip-flops).

2.32. Executing OPT pass (performing simple optimizations).

2.32.1. Executing OPT_EXPR pass (perform const folding).
Optimizing module uart_tx.

2.32.2. Executing OPT_MERGE pass (detect identical cells).
Finding identical cells in module `\uart_tx'.
Computing hashes of 57 cells of `\uart_tx'.
Finding duplicate cells in `\uart_tx'.
Removed a total of 0 cells.

2.32.3. Executing OPT_MUXTREE pass (detect dead branches in mux trees).
Running muxtree optimizer on module \uart_tx..
  Creating internal representation of mux trees.
  Evaluating internal representation of mux trees.
  Analyzing evaluation results.
Removed 0 multiplexer ports.
<suppressed ~6 debug messages>

2.32.4. Executing OPT_REDUCE pass (consolidate $*mux and $reduce_* inputs).
  Optimizing cells in module \uart_tx.
    Consolidated identical input bits for $mux cell $procmux$434:
      Old ports: A=$add$rtl/uart_tx.v:101$22_Y [3:0], B={ $auto$wreduce.cc:514:run$595 [3] $add$rtl/uart_tx.v:101$22_Y [2:0] }, Y=$procmux$412_Y
      New ports: A=$add$rtl/uart_tx.v:101$22_Y [3], B=$auto$wreduce.cc:514:run$595 [3], Y=$procmux$412_Y [3]
      New connections: $procmux$412_Y [2:0] = $add$rtl/uart_tx.v:101$22_Y [2:0]
    Consolidated identical input bits for $pmux cell $procmux$495:
      Old ports: A=4'0001, B=16'0010001101000000, Y=$0\txState[3:0]
      New ports: A=3'001, B=12'010011100000, Y=$0\txState[3:0] [2:0]
      New connections: $0\txState[3:0] [3] = 1'0
  Optimizing cells in module \uart_tx.
Performed a total of 2 changes.

2.32.5. Executing OPT_MERGE pass (detect identical cells).
Finding identical cells in module `\uart_tx'.
Computing hashes of 57 cells of `\uart_tx'.
Finding duplicate cells in `\uart_tx'.
Removed a total of 0 cells.

2.32.6. Executing OPT_DFF pass (perform DFF optimizations).

2.32.7. Executing OPT_CLEAN pass (remove unused cells and wires).
Finding unused cells or wires in module \uart_tx..

2.32.8. Executing OPT_EXPR pass (perform const folding).
Optimizing module uart_tx.

2.32.9. Rerunning OPT passes. (Maybe there is more to do..)

2.32.10. Executing OPT_MUXTREE pass (detect dead branches in mux trees).
Running muxtree optimizer on module \uart_tx..
  Creating internal representation of mux trees.
  Evaluating internal representation of mux trees.
  Analyzing evaluation results.
Removed 0 multiplexer ports.
<suppressed ~6 debug messages>

2.32.11. Executing OPT_REDUCE pass (consolidate $*mux and $reduce_* inputs).
  Optimizing cells in module \uart_tx.
Performed a total of 0 changes.

2.32.12. Executing OPT_MERGE pass (detect identical cells).
Finding identical cells in module `\uart_tx'.
Computing hashes of 57 cells of `\uart_tx'.
Finding duplicate cells in `\uart_tx'.
Removed a total of 0 cells.

2.32.13. Executing OPT_DFF pass (perform DFF optimizations).
Setting constant 0-bit at position 3 on $auto$ff.cc:337:slice$544 ($dffe) from module uart_tx.

2.32.14. Executing OPT_CLEAN pass (remove unused cells and wires).
Finding unused cells or wires in module \uart_tx..

2.32.15. Executing OPT_EXPR pass (perform const folding).
Optimizing module uart_tx.
<suppressed ~1 debug messages>

2.32.16. Rerunning OPT passes. (Maybe there is more to do..)

2.32.17. Executing OPT_MUXTREE pass (detect dead branches in mux trees).
Running muxtree optimizer on module \uart_tx..
  Creating internal representation of mux trees.
  Evaluating internal representation of mux trees.
  Analyzing evaluation results.
Removed 0 multiplexer ports.
<suppressed ~6 debug messages>

2.32.18. Executing OPT_REDUCE pass (consolidate $*mux and $reduce_* inputs).
  Optimizing cells in module \uart_tx.
Performed a total of 0 changes.

2.32.19. Executing OPT_MERGE pass (detect identical cells).
Finding identical cells in module `\uart_tx'.
Computing hashes of 57 cells of `\uart_tx'.
Finding duplicate cells in `\uart_tx'.
Removed a total of 0 cells.

2.32.20. Executing OPT_DFF pass (perform DFF optimizations).

2.32.21. Executing OPT_CLEAN pass (remove unused cells and wires).
Finding unused cells or wires in module \uart_tx..

2.32.22. Executing OPT_EXPR pass (perform const folding).
Optimizing module uart_tx.

2.32.23. Finished fast OPT passes. (There is nothing left to do.)

2.33. Executing TECHMAP pass (map to technology primitives).

2.33.1. Executing Verilog-2005 frontend: /Users/paoloverwey/oss-cad-suite/libexec/../share/yosys/techmap.v
Parsing Verilog input from `/Users/paoloverwey/oss-cad-suite/libexec/../share/yosys/techmap.v' to AST representation.
Generating RTLIL representation for module `\_90_simplemap_bool_ops'.
Generating RTLIL representation for module `\_90_simplemap_reduce_ops'.
Generating RTLIL representation for module `\_90_simplemap_logic_ops'.
Generating RTLIL representation for module `\_90_simplemap_compare_ops'.
Generating RTLIL representation for module `\_90_simplemap_various'.
Generating RTLIL representation for module `\_90_simplemap_registers'.
Generating RTLIL representation for module `\_90_shift_ops_shr_shl_sshl_sshr'.
Generating RTLIL representation for module `\_90_shift_shiftx'.
Generating RTLIL representation for module `\_90_fa'.
Generating RTLIL representation for module `\_90_lcu_brent_kung'.
Generating RTLIL representation for module `\_90_alu'.
Generating RTLIL representation for module `\_90_macc'.
Generating RTLIL representation for module `\_90_alumacc'.
Generating RTLIL representation for module `$__div_mod_u'.
Generating RTLIL representation for module `$__div_mod_trunc'.
Generating RTLIL representation for module `\_90_div'.
Generating RTLIL representation for module `\_90_mod'.
Generating RTLIL representation for module `$__div_mod_floor'.
Generating RTLIL representation for module `\_90_divfloor'.
Generating RTLIL representation for module `\_90_modfloor'.
Generating RTLIL representation for module `\_90_pow'.
Generating RTLIL representation for module `\_90_demux'.
Generating RTLIL representation for module `\_90_lut'.
Generating RTLIL representation for module `$connect'.
Generating RTLIL representation for module `$input_port'.
Successfully finished Verilog frontend.

2.33.2. Executing Verilog-2005 frontend: /Users/paoloverwey/oss-cad-suite/libexec/../share/yosys/gowin/arith_map.v
Parsing Verilog input from `/Users/paoloverwey/oss-cad-suite/libexec/../share/yosys/gowin/arith_map.v' to AST representation.
Generating RTLIL representation for module `\_80_gw1n_alu'.
Successfully finished Verilog frontend.

2.33.3. Continuing TECHMAP pass.
Using extmapper simplemap for cells of type $dffe.
Using extmapper simplemap for cells of type $sdffce.
Using extmapper simplemap for cells of type $reduce_or.
Using extmapper simplemap for cells of type $not.
Using template $paramod$3ef7d3dd227da7627a99c5e5a6a4deb817573e39\_80_gw1n_alu for cells of type $alu.
Using template $paramod$0ae6dcbc606d0267ec97d3ccf20343286af3366c\_80_gw1n_alu for cells of type $alu.
Using template $paramod$fc972a7a46956c1788f3cb5257b53c8f1df2d0cc\_90_alu for cells of type $alu.
Using template $paramod$106402fc14ba87a4d8643cf9e9a3de5e7eff24e1\_80_gw1n_alu for cells of type $alu.
Using extmapper simplemap for cells of type $or.
Using extmapper simplemap for cells of type $reduce_and.
Using template $paramod$ba698a254f9a5947e85cbe7beae6b161eefc5386\_90_alu for cells of type $alu.
Using extmapper simplemap for cells of type $reduce_bool.
Using extmapper simplemap for cells of type $ne.
Using extmapper simplemap for cells of type $logic_not.
Using extmapper simplemap for cells of type $and.
Using template $paramod$constmap:8876c1e1fa289f4793438d4e34d232728e6a9746$paramod$92adee9538f2381d8e5006822c900eb986d754e8\_90_shift_shiftx for cells of type $shiftx.
Using extmapper simplemap for cells of type $eq.
Using extmapper simplemap for cells of type $reduce_xor.
Using extmapper simplemap for cells of type $mux.
Using extmapper simplemap for cells of type $pmux.
Using extmapper simplemap for cells of type $dff.
Using extmapper simplemap for cells of type $xor.
Using extmapper simplemap for cells of type $pos.
Using template $paramod\_90_fa\WIDTH=32'00000000000000000000000000000001 for cells of type $fa.
Using template $paramod\_90_lcu_brent_kung\WIDTH=32'00000000000000000000000000000001 for cells of type $lcu.
Using template $paramod\_90_fa\WIDTH=32'00000000000000000000000000000010 for cells of type $fa.
Using template $paramod\_90_lcu_brent_kung\WIDTH=32'00000000000000000000000000000010 for cells of type $lcu.
No more expansions possible.
<suppressed ~735 debug messages>

2.34. Executing OPT pass (performing simple optimizations).

2.34.1. Executing OPT_EXPR pass (perform const folding).
Optimizing module uart_tx.
<suppressed ~171 debug messages>

2.34.2. Executing OPT_MERGE pass (detect identical cells).
Finding identical cells in module `\uart_tx'.
Computing hashes of 207 cells of `\uart_tx'.
Finding duplicate cells in `\uart_tx'.
Computing hashes of 194 cells of `\uart_tx'.
Finding duplicate cells in `\uart_tx'.
Computing hashes of 191 cells of `\uart_tx'.
Finding duplicate cells in `\uart_tx'.
Computing hashes of 190 cells of `\uart_tx'.
Finding duplicate cells in `\uart_tx'.
<suppressed ~51 debug messages>
Removed a total of 17 cells.

2.34.3. Executing OPT_DFF pass (perform DFF optimizations).
Adding SRST signal on $auto$ff.cc:337:slice$1032 ($_DFFE_PP_) from module uart_tx (D = $auto$simplemap.cc:189:logic_reduce$1214, Q = \txPinRegister, rval = 1'1).
Adding SRST signal on $auto$ff.cc:337:slice$922 ($_DFFE_PP_) from module uart_tx (D = $auto$simplemap.cc:189:logic_reduce$1261, Q = \txState [2], rval = 1'0).
Adding SRST signal on $auto$ff.cc:337:slice$920 ($_DFFE_PP_) from module uart_tx (D = $auto$simplemap.cc:189:logic_reduce$1233, Q = \txState [0], rval = 1'1).
Adding SRST signal on $auto$ff.cc:337:slice$921 ($_DFFE_PP_) from module uart_tx (D = $auto$simplemap.cc:189:logic_reduce$1247, Q = \txState [1], rval = 1'0).

2.34.4. Executing OPT_CLEAN pass (remove unused cells and wires).
Finding unused cells or wires in module \uart_tx..
Removed 25 unused cells and 244 unused wires.
<suppressed ~26 debug messages>

2.34.5. Rerunning OPT passes. (Removed registers in this run.)

2.34.6. Executing OPT_EXPR pass (perform const folding).
Optimizing module uart_tx.

2.34.7. Executing OPT_MERGE pass (detect identical cells).
Finding identical cells in module `\uart_tx'.
Computing hashes of 165 cells of `\uart_tx'.
Finding duplicate cells in `\uart_tx'.
Removed a total of 0 cells.

2.34.8. Executing OPT_DFF pass (perform DFF optimizations).

2.34.9. Executing OPT_CLEAN pass (remove unused cells and wires).
Finding unused cells or wires in module \uart_tx..

2.34.10. Finished fast OPT passes.

2.35. Executing IOPADMAP pass (mapping inputs/outputs to IO-PAD cells).
Mapping port uart_tx.uart_tx using OBUF.
Mapping port uart_tx.txByteConsumed using OBUF.
Mapping port uart_tx.txByteData using IBUF.
Mapping port uart_tx.txByteValid using IBUF.
Mapping port uart_tx.clk using IBUF.

2.36. Executing OPT_CLEAN pass (remove unused cells and wires).
Finding unused cells or wires in module \uart_tx..
Removed 0 unused cells and 1 unused wires.
<suppressed ~1 debug messages>

2.37. Executing DFFLEGALIZE pass (convert FFs to types supported by the target).

2.38. Executing TECHMAP pass (map to technology primitives).

2.38.1. Executing Verilog-2005 frontend: /Users/paoloverwey/oss-cad-suite/libexec/../share/yosys/gowin/cells_map.v
Parsing Verilog input from `/Users/paoloverwey/oss-cad-suite/libexec/../share/yosys/gowin/cells_map.v' to AST representation.
Generating RTLIL representation for module `$_DFF_N_'.
Generating RTLIL representation for module `$_DFF_P_'.
Generating RTLIL representation for module `$_DFFE_PP_'.
Generating RTLIL representation for module `$_DFFE_NP_'.
Generating RTLIL representation for module `$_SDFF_PP0_'.
Generating RTLIL representation for module `$_SDFF_NP0_'.
Generating RTLIL representation for module `$_SDFFE_PP0P_'.
Generating RTLIL representation for module `$_SDFFE_NP0P_'.
Generating RTLIL representation for module `$_SDFF_PP1_'.
Generating RTLIL representation for module `$_SDFF_NP1_'.
Generating RTLIL representation for module `$_SDFFE_PP1P_'.
Generating RTLIL representation for module `$_SDFFE_NP1P_'.
Generating RTLIL representation for module `$_DFF_PP1_'.
Generating RTLIL representation for module `$_DFF_NP1_'.
Generating RTLIL representation for module `$_DFF_PP0_'.
Generating RTLIL representation for module `$_DFF_NP0_'.
Generating RTLIL representation for module `$_DFFE_PP1P_'.
Generating RTLIL representation for module `$_DFFE_NP1P_'.
Generating RTLIL representation for module `$_DFFE_PP0P_'.
Generating RTLIL representation for module `$_DFFE_NP0P_'.
Generating RTLIL representation for module `$lut'.
Successfully finished Verilog frontend.

2.38.2. Continuing TECHMAP pass.
Using template $_SDFFE_PP0P_ for cells of type $_SDFFE_PP0P_.
Using template $_DFFE_PP_ for cells of type $_DFFE_PP_.
Using template $_SDFFE_PP1P_ for cells of type $_SDFFE_PP1P_.
Using template $_DFF_P_ for cells of type $_DFF_P_.
No more expansions possible.
<suppressed ~58 debug messages>

2.39. Executing TECHMAP pass (map to technology primitives).

2.39.1. Executing Verilog-2005 frontend: /Users/paoloverwey/oss-cad-suite/libexec/../share/yosys/gowin/cells_latch.v
Parsing Verilog input from `/Users/paoloverwey/oss-cad-suite/libexec/../share/yosys/gowin/cells_latch.v' to AST representation.
Generating RTLIL representation for module `$_DLATCH_P_'.
Generating RTLIL representation for module `$_DLATCH_N_'.
Generating RTLIL representation for module `$_DLATCH_PP0_'.
Generating RTLIL representation for module `$_DLATCH_NP0_'.
Generating RTLIL representation for module `$_DLATCH_PP1_'.
Generating RTLIL representation for module `$_DLATCH_NP1_'.
Successfully finished Verilog frontend.

2.39.2. Continuing TECHMAP pass.
No more expansions possible.
<suppressed ~8 debug messages>

2.40. Executing OPT_EXPR pass (perform const folding).
Optimizing module uart_tx.

2.41. Executing SIMPLEMAP pass (map simple cells to gate primitives).

2.42. Executing SORT pass.

2.43. Executing Verilog-2005 frontend: /Users/paoloverwey/oss-cad-suite/libexec/../share/yosys/abc9_model.v
Parsing Verilog input from `/Users/paoloverwey/oss-cad-suite/libexec/../share/yosys/abc9_model.v' to AST representation.
Generating RTLIL representation for module `$__ABC9_DELAY'.
Generating RTLIL representation for module `$__ABC9_SCC_BREAKER'.
Generating RTLIL representation for module `$__DFF_N__$abc9_flop'.
Generating RTLIL representation for module `$__DFF_P__$abc9_flop'.
Successfully finished Verilog frontend.

2.44. Executing ABC9 pass.

2.44.1. Executing ABC9_OPS pass (helper functions for ABC9).

2.44.2. Executing ABC9_OPS pass (helper functions for ABC9).

2.44.3. Executing PROC pass (convert processes to netlists).

2.44.3.1. Executing PROC_CLEAN pass (remove empty switches from decision trees).
Found and cleaned up 1 empty switch in `$paramod\ALU\ALU_MODE=s32'00000000000000000000000000000010.$proc$/Users/paoloverwey/oss-cad-suite/libexec/../share/yosys/gowin/cells_sim.v:1064$1621'.
Cleaned up 1 empty switch.

2.44.3.2. Executing PROC_RMDEAD pass (remove dead branches from decision trees).
Removed a total of 0 dead cases.

2.44.3.3. Executing PROC_PRUNE pass (remove redundant assignments in processes).
Removed 0 redundant assignments.
Promoted 4 assignments to connections.

2.44.3.4. Executing PROC_INIT pass (extract init attributes).

2.44.3.5. Executing PROC_ARST pass (detect async resets in processes).

2.44.3.6. Executing PROC_ROM pass (convert switches to ROMs).
Converted 0 switches.

2.44.3.7. Executing PROC_MUX pass (convert decision trees to multiplexers).
Creating decoders for process `$paramod\ALU\ALU_MODE=s32'00000000000000000000000000000010.$proc$/Users/paoloverwey/oss-cad-suite/libexec/../share/yosys/gowin/cells_sim.v:1064$1621'.

2.44.3.8. Executing PROC_DLATCH pass (convert process syncs to latches).
No latch inferred for signal `$paramod\ALU\ALU_MODE=s32'00000000000000000000000000000010.\C' from process `$paramod\ALU\ALU_MODE=s32'00000000000000000000000000000010.$proc$/Users/paoloverwey/oss-cad-suite/libexec/../share/yosys/gowin/cells_sim.v:1064$1621'.
No latch inferred for signal `$paramod\ALU\ALU_MODE=s32'00000000000000000000000000000010.\S' from process `$paramod\ALU\ALU_MODE=s32'00000000000000000000000000000010.$proc$/Users/paoloverwey/oss-cad-suite/libexec/../share/yosys/gowin/cells_sim.v:1064$1621'.

2.44.3.9. Executing PROC_DFF pass (convert process syncs to FFs).

2.44.3.10. Executing PROC_MEMWR pass (convert process memory writes to cells).

2.44.3.11. Executing PROC_CLEAN pass (remove empty switches from decision trees).
Removing empty process `$paramod\ALU\ALU_MODE=s32'00000000000000000000000000000010.$proc$/Users/paoloverwey/oss-cad-suite/libexec/../share/yosys/gowin/cells_sim.v:1064$1621'.
Cleaned up 0 empty switches.

2.44.4. Executing SCC pass (detecting logic loops).
Found 0 SCCs in module uart_tx.
Found 0 SCCs.

2.44.5. Executing ABC9_OPS pass (helper functions for ABC9).

2.44.6. Executing TECHMAP pass (map to technology primitives).

2.44.6.1. Executing Verilog-2005 frontend: /Users/paoloverwey/oss-cad-suite/libexec/../share/yosys/techmap.v
Parsing Verilog input from `/Users/paoloverwey/oss-cad-suite/libexec/../share/yosys/techmap.v' to AST representation.
Generating RTLIL representation for module `\_90_simplemap_bool_ops'.
Generating RTLIL representation for module `\_90_simplemap_reduce_ops'.
Generating RTLIL representation for module `\_90_simplemap_logic_ops'.
Generating RTLIL representation for module `\_90_simplemap_compare_ops'.
Generating RTLIL representation for module `\_90_simplemap_various'.
Generating RTLIL representation for module `\_90_simplemap_registers'.
Generating RTLIL representation for module `\_90_shift_ops_shr_shl_sshl_sshr'.
Generating RTLIL representation for module `\_90_shift_shiftx'.
Generating RTLIL representation for module `\_90_fa'.
Generating RTLIL representation for module `\_90_lcu_brent_kung'.
Generating RTLIL representation for module `\_90_alu'.
Generating RTLIL representation for module `\_90_macc'.
Generating RTLIL representation for module `\_90_alumacc'.
Generating RTLIL representation for module `$__div_mod_u'.
Generating RTLIL representation for module `$__div_mod_trunc'.
Generating RTLIL representation for module `\_90_div'.
Generating RTLIL representation for module `\_90_mod'.
Generating RTLIL representation for module `$__div_mod_floor'.
Generating RTLIL representation for module `\_90_divfloor'.
Generating RTLIL representation for module `\_90_modfloor'.
Generating RTLIL representation for module `\_90_pow'.
Generating RTLIL representation for module `\_90_demux'.
Generating RTLIL representation for module `\_90_lut'.
Generating RTLIL representation for module `$connect'.
Generating RTLIL representation for module `$input_port'.
Successfully finished Verilog frontend.

2.44.6.2. Continuing TECHMAP pass.
No more expansions possible.
<suppressed ~230 debug messages>

2.44.7. Executing OPT pass (performing simple optimizations).

2.44.7.1. Executing OPT_EXPR pass (perform const folding).

2.44.7.2. Executing OPT_MERGE pass (detect identical cells).
Removed a total of 0 cells.

2.44.7.3. Executing OPT_MUXTREE pass (detect dead branches in mux trees).
Removed 0 multiplexer ports.

2.44.7.4. Executing OPT_REDUCE pass (consolidate $*mux and $reduce_* inputs).
Performed a total of 0 changes.

2.44.7.5. Executing OPT_MERGE pass (detect identical cells).
Removed a total of 0 cells.

2.44.7.6. Executing OPT_DFF pass (perform DFF optimizations).

2.44.7.7. Executing OPT_CLEAN pass (remove unused cells and wires).

2.44.7.8. Executing OPT_EXPR pass (perform const folding).

2.44.7.9. Finished fast OPT passes. (There is nothing left to do.)

2.44.8. Executing TECHMAP pass (map to technology primitives).

2.44.8.1. Executing Verilog-2005 frontend: /Users/paoloverwey/oss-cad-suite/libexec/../share/yosys/abc9_map.v
Parsing Verilog input from `/Users/paoloverwey/oss-cad-suite/libexec/../share/yosys/abc9_map.v' to AST representation.
Successfully finished Verilog frontend.

2.44.8.2. Continuing TECHMAP pass.
No more expansions possible.
<suppressed ~2 debug messages>

2.44.9. Executing Verilog-2005 frontend: /Users/paoloverwey/oss-cad-suite/libexec/../share/yosys/abc9_model.v
Parsing Verilog input from `/Users/paoloverwey/oss-cad-suite/libexec/../share/yosys/abc9_model.v' to AST representation.
Replacing existing blackbox module `$__ABC9_DELAY' at /Users/paoloverwey/oss-cad-suite/libexec/../share/yosys/abc9_model.v:2.1-7.10.
Generating RTLIL representation for module `$__ABC9_DELAY'.
Replacing existing blackbox module `$__ABC9_SCC_BREAKER' at /Users/paoloverwey/oss-cad-suite/libexec/../share/yosys/abc9_model.v:9.1-11.10.
Generating RTLIL representation for module `$__ABC9_SCC_BREAKER'.
Replacing existing module `$__DFF_N__$abc9_flop' at /Users/paoloverwey/oss-cad-suite/libexec/../share/yosys/abc9_model.v:14.1-20.10.
Generating RTLIL representation for module `$__DFF_N__$abc9_flop'.
Replacing existing module `$__DFF_P__$abc9_flop' at /Users/paoloverwey/oss-cad-suite/libexec/../share/yosys/abc9_model.v:23.1-29.10.
Generating RTLIL representation for module `$__DFF_P__$abc9_flop'.
Successfully finished Verilog frontend.

2.44.10. Executing ABC9_OPS pass (helper functions for ABC9).
<suppressed ~90 debug messages>

2.44.11. Executing ABC9_OPS pass (helper functions for ABC9).

2.44.12. Executing ABC9_OPS pass (helper functions for ABC9).
<suppressed ~2 debug messages>

2.44.13. Executing TECHMAP pass (map to technology primitives).

2.44.13.1. Executing Verilog-2005 frontend: /Users/paoloverwey/oss-cad-suite/libexec/../share/yosys/techmap.v
Parsing Verilog input from `/Users/paoloverwey/oss-cad-suite/libexec/../share/yosys/techmap.v' to AST representation.
Generating RTLIL representation for module `\_90_simplemap_bool_ops'.
Generating RTLIL representation for module `\_90_simplemap_reduce_ops'.
Generating RTLIL representation for module `\_90_simplemap_logic_ops'.
Generating RTLIL representation for module `\_90_simplemap_compare_ops'.
Generating RTLIL representation for module `\_90_simplemap_various'.
Generating RTLIL representation for module `\_90_simplemap_registers'.
Generating RTLIL representation for module `\_90_shift_ops_shr_shl_sshl_sshr'.
Generating RTLIL representation for module `\_90_shift_shiftx'.
Generating RTLIL representation for module `\_90_fa'.
Generating RTLIL representation for module `\_90_lcu_brent_kung'.
Generating RTLIL representation for module `\_90_alu'.
Generating RTLIL representation for module `\_90_macc'.
Generating RTLIL representation for module `\_90_alumacc'.
Generating RTLIL representation for module `$__div_mod_u'.
Generating RTLIL representation for module `$__div_mod_trunc'.
Generating RTLIL representation for module `\_90_div'.
Generating RTLIL representation for module `\_90_mod'.
Generating RTLIL representation for module `$__div_mod_floor'.
Generating RTLIL representation for module `\_90_divfloor'.
Generating RTLIL representation for module `\_90_modfloor'.
Generating RTLIL representation for module `\_90_pow'.
Generating RTLIL representation for module `\_90_demux'.
Generating RTLIL representation for module `\_90_lut'.
Generating RTLIL representation for module `$connect'.
Generating RTLIL representation for module `$input_port'.
Successfully finished Verilog frontend.

2.44.13.2. Continuing TECHMAP pass.
Using template $paramod\ALU\ALU_MODE=s32'00000000000000000000000000000010 for cells of type $paramod\ALU\ALU_MODE=s32'00000000000000000000000000000010.
Using extmapper simplemap for cells of type $xor.
Using extmapper simplemap for cells of type $mux.
Using extmapper simplemap for cells of type $not.
No more expansions possible.
<suppressed ~239 debug messages>

2.44.14. Executing OPT pass (performing simple optimizations).

2.44.14.1. Executing OPT_EXPR pass (perform const folding).
Optimizing module uart_tx.

2.44.14.2. Executing OPT_MERGE pass (detect identical cells).
Finding identical cells in module `\uart_tx'.
Computing hashes of 14 cells of `\uart_tx'.
Finding duplicate cells in `\uart_tx'.
Removed a total of 0 cells.

2.44.14.3. Executing OPT_MUXTREE pass (detect dead branches in mux trees).
Running muxtree optimizer on module \uart_tx..
  Creating internal representation of mux trees.
  No muxes found in this module.
Removed 0 multiplexer ports.

2.44.14.4. Executing OPT_REDUCE pass (consolidate $*mux and $reduce_* inputs).
  Optimizing cells in module \uart_tx.
Performed a total of 0 changes.

2.44.14.5. Executing OPT_MERGE pass (detect identical cells).
Finding identical cells in module `\uart_tx'.
Computing hashes of 14 cells of `\uart_tx'.
Finding duplicate cells in `\uart_tx'.
Removed a total of 0 cells.

2.44.14.6. Executing OPT_DFF pass (perform DFF optimizations).

2.44.14.7. Executing OPT_CLEAN pass (remove unused cells and wires).
Finding unused cells or wires in module \uart_tx..
Removed 0 unused cells and 16 unused wires.
<suppressed ~1 debug messages>

2.44.14.8. Executing OPT_EXPR pass (perform const folding).
Optimizing module uart_tx.

2.44.14.9. Rerunning OPT passes. (Maybe there is more to do..)

2.44.14.10. Executing OPT_MUXTREE pass (detect dead branches in mux trees).
Running muxtree optimizer on module \uart_tx..
  Creating internal representation of mux trees.
  No muxes found in this module.
Removed 0 multiplexer ports.

2.44.14.11. Executing OPT_REDUCE pass (consolidate $*mux and $reduce_* inputs).
  Optimizing cells in module \uart_tx.
Performed a total of 0 changes.

2.44.14.12. Executing OPT_MERGE pass (detect identical cells).
Finding identical cells in module `\uart_tx'.
Computing hashes of 14 cells of `\uart_tx'.
Finding duplicate cells in `\uart_tx'.
Removed a total of 0 cells.

2.44.14.13. Executing OPT_DFF pass (perform DFF optimizations).

2.44.14.14. Executing OPT_CLEAN pass (remove unused cells and wires).
Finding unused cells or wires in module \uart_tx..

2.44.14.15. Executing OPT_EXPR pass (perform const folding).
Optimizing module uart_tx.

2.44.14.16. Finished fast OPT passes. (There is nothing left to do.)

2.44.15. Executing AIGMAP pass (map logic to AIG).
Module uart_tx: replaced 5 cells with 35 new cells, skipped 9 cells.
  replaced 2 cell types:
       2 $_MUX_
       3 $_XOR_
  not replaced 2 cell types:
       1 $_NOT_
       8 $specify2

2.44.16. Executing AIGMAP pass (map logic to AIG).
Module uart_tx: replaced 66 cells with 309 new cells, skipped 225 cells.
  replaced 4 cell types:
       9 $_MUX_
       6 $_ORNOT_
      43 $_OR_
       8 $_XOR_
  not replaced 11 cell types:
      35 $_AND_
      33 $_NOT_
       1 DFF
      10 IBUF
      15 DFFE
       1 DFFSE
      18 DFFRE
       2 OBUF
      22 $paramod\ALU\ALU_MODE=s32'00000000000000000000000000000010
      35 $paramod$__ABC9_DELAY\DELAY=32'00000000000000000000001001000000
      53 $paramod$__ABC9_DELAY\DELAY=32'00000000000000000000000000111111

2.44.16.1. Executing ABC9_OPS pass (helper functions for ABC9).

2.44.16.2. Executing ABC9_OPS pass (helper functions for ABC9).

2.44.16.3. Executing XAIGER backend.
<suppressed ~46 debug messages>
Extracted 135 AND gates and 573 wires from module `uart_tx' to a netlist network with 57 inputs and 93 outputs.

2.44.16.4. Executing ABC9_EXE pass (technology mapping using ABC9).

2.44.16.5. Executing ABC9.
Running ABC command: "<yosys-exe-dir>/yosys-abc" -s -f <abc-temp-dir>/abc.script 2>&1
ABC: ======== ABC command line "source <abc-temp-dir>/abc.script"
ABC: + read_lut <abc-temp-dir>/input.lut 
ABC: + read_box <abc-temp-dir>/input.box 
ABC: + &read <abc-temp-dir>/input.xaig 
ABC: + &ps 
ABC: <abc-temp-dir>/input : i/o =     57/     93  and =     118  lev =   11 (1.51)  mem = 0.01 MB  box = 110  bb = 88
ABC: + &scorr 
ABC: Warning: The network is combinational.
ABC: + &sweep 
ABC: + &dc2 
ABC: + &dch -f -r 
ABC: + &ps 
ABC: <abc-temp-dir>/input : i/o =     57/     93  and =     188  lev =   16 (1.14)  mem = 0.01 MB  ch =   26  box = 110  bb = 88
ABC: cst =       0  cls =     23  lit =      26  unused =     328  proof =     0
ABC: + &if -W 500 -v 
ABC: K = 8. Memory (bytes): Truth =    0. Cut =   80. Obj =  160. Set =  816. CutMin = no
ABC: Node =     188.  Ch =    23.  Total mem =    0.11 MB. Peak cut mem =    0.01 MB.
ABC: P:  Del = 7989.00.  Ar =     151.0.  Edge =      151.  Cut =     2323.  T =     0.00 sec
ABC: P:  Del = 7989.00.  Ar =     151.0.  Edge =      152.  Cut =     2316.  T =     0.00 sec
ABC: P:  Del = 7989.00.  Ar =     104.0.  Edge =      155.  Cut =     3267.  T =     0.00 sec
ABC: F:  Del = 7916.00.  Ar =      60.0.  Edge =      152.  Cut =     2911.  T =     0.00 sec
ABC: A:  Del = 7916.00.  Ar =      56.0.  Edge =      137.  Cut =     2592.  T =     0.00 sec
ABC: A:  Del = 7916.00.  Ar =      56.0.  Edge =      137.  Cut =     2778.  T =     0.00 sec
ABC: Total time =     0.00 sec
ABC: + &write -n <abc-temp-dir>/output.aig 
ABC: + &mfs 
ABC: + &ps -l 
ABC: <abc-temp-dir>/input : i/o =     57/     93  and =     133  lev =   10 (1.26)  mem = 0.01 MB  box = 109  bb = 88
ABC: Mapping (K=6)  :  lut =     34  edge =     124  lev =    4 (0.59)  levB =   16  mem = 0.00 MB
ABC: LUT = 34 : 2=5 14.7 %  3=8 23.5 %  4=16 47.1 %  5=4 11.8 %  6=1 2.9 %  Ave = 3.65
ABC: + &write -n <abc-temp-dir>/output.aig 
ABC: + &verify 
ABC: Networks are equivalent.  Time =     0.01 sec
ABC: + time 
ABC: elapse: 0.04 seconds, total: 0.04 seconds

2.44.16.6. Executing AIGER frontend.
<suppressed ~312 debug messages>
Removed 209 unused cells and 670 unused wires.

2.44.16.7. Executing ABC_OPS_REINTEGRATE pass (reintegrate ABC mapped design into module).
ABC RESULTS:              $lut cells:       37
ABC RESULTS:   $paramod\ALU\ALU_MODE=s32'00000000000000000000000000000010 cells:       21
ABC RESULTS:           input signals:       12
ABC RESULTS:          output signals:       93
Removing temp directory.

2.44.17. Executing TECHMAP pass (map to technology primitives).

2.44.17.1. Executing Verilog-2005 frontend: /Users/paoloverwey/oss-cad-suite/libexec/../share/yosys/abc9_unmap.v
Parsing Verilog input from `/Users/paoloverwey/oss-cad-suite/libexec/../share/yosys/abc9_unmap.v' to AST representation.
Generating RTLIL representation for module `$__DFF_x__$abc9_flop'.
Generating RTLIL representation for module `$__ABC9_SCC_BREAKER'.
Successfully finished Verilog frontend.

2.44.17.2. Continuing TECHMAP pass.
Using template $paramod\ALU\ALU_MODE=s32'00000000000000000000000000000010 for cells of type $paramod\ALU\ALU_MODE=s32'00000000000000000000000000000010.
No more expansions possible.
<suppressed ~27 debug messages>
Removed 3 unused cells and 978 unused wires.

2.45. Executing TECHMAP pass (map to technology primitives).

2.45.1. Executing Verilog-2005 frontend: /Users/paoloverwey/oss-cad-suite/libexec/../share/yosys/gowin/cells_map.v
Parsing Verilog input from `/Users/paoloverwey/oss-cad-suite/libexec/../share/yosys/gowin/cells_map.v' to AST representation.
Generating RTLIL representation for module `$_DFF_N_'.
Generating RTLIL representation for module `$_DFF_P_'.
Generating RTLIL representation for module `$_DFFE_PP_'.
Generating RTLIL representation for module `$_DFFE_NP_'.
Generating RTLIL representation for module `$_SDFF_PP0_'.
Generating RTLIL representation for module `$_SDFF_NP0_'.
Generating RTLIL representation for module `$_SDFFE_PP0P_'.
Generating RTLIL representation for module `$_SDFFE_NP0P_'.
Generating RTLIL representation for module `$_SDFF_PP1_'.
Generating RTLIL representation for module `$_SDFF_NP1_'.
Generating RTLIL representation for module `$_SDFFE_PP1P_'.
Generating RTLIL representation for module `$_SDFFE_NP1P_'.
Generating RTLIL representation for module `$_DFF_PP1_'.
Generating RTLIL representation for module `$_DFF_NP1_'.
Generating RTLIL representation for module `$_DFF_PP0_'.
Generating RTLIL representation for module `$_DFF_NP0_'.
Generating RTLIL representation for module `$_DFFE_PP1P_'.
Generating RTLIL representation for module `$_DFFE_NP1P_'.
Generating RTLIL representation for module `$_DFFE_PP0P_'.
Generating RTLIL representation for module `$_DFFE_NP0P_'.
Generating RTLIL representation for module `$lut'.
Successfully finished Verilog frontend.

2.45.2. Continuing TECHMAP pass.
Using template $paramod$lut\WIDTH=32'00000000000000000000000000000010\LUT=4'1110 for cells of type $lut.
Using template $paramod$lut\WIDTH=32'00000000000000000000000000000010\LUT=4'0001 for cells of type $lut.
Using template $paramod$59f60020976806c4ed6cb9392296692938fab2e5$lut for cells of type $lut.
Using template $paramod$lut\WIDTH=32'00000000000000000000000000000011\LUT=8'01000000 for cells of type $lut.
Using template $paramod$lut\WIDTH=32'00000000000000000000000000000011\LUT=8'00000100 for cells of type $lut.
Using template $paramod$2ea69c779d6c1b79ac5a87b0d1523c67d5628dba$lut for cells of type $lut.
Using template $paramod$fdcae86fcfd036c1880a04306ae771a9d7579c31$lut for cells of type $lut.
Using template $paramod$8f7210088a40da1859d27e900c288fd298d68bed$lut for cells of type $lut.
Using template $paramod$lut\WIDTH=32'00000000000000000000000000000010\LUT=4'1000 for cells of type $lut.
Using template $paramod$4888f2121a1fba4d507203534ae54782bc81e02e$lut for cells of type $lut.
Using template $paramod$3d17ec1419d0130d7a075e997e3f39d1fd951b4f$lut for cells of type $lut.
Using template $paramod$fd904e9e35cfd343a9df248824bd3f1408724879$lut for cells of type $lut.
Using template $paramod$4282def8dbd6df3d1248ad282c629bee684502c2$lut for cells of type $lut.
Using template $paramod$e222f7fb656e5c40eb9d3c3e620082cb236ab040$lut for cells of type $lut.
Using template $paramod$lut\WIDTH=32'00000000000000000000000000000001\LUT=2'01 for cells of type $lut.
Using template $paramod$a5516fc31d1e552de2435200bb732b4d4ad63a9c$lut for cells of type $lut.
Using template $paramod$364c9ffbffac467d60dfec81bba4e18476c15602$lut for cells of type $lut.
Using template $paramod$47a8214374025465e226fa66bee690ff33268a25$lut for cells of type $lut.
Using template $paramod$2f7deae5fb594b0c70bb82efd4d3682a7baaa352$lut for cells of type $lut.
Using template $paramod$c6fd06b5381ba06fb6967cbe0691a9ef100dcc6a$lut for cells of type $lut.
Using template $paramod$lut\WIDTH=32'00000000000000000000000000000010\LUT=4'0100 for cells of type $lut.
Using template $paramod$54a853cac0e65b945d96d7dd0e9cca8bb9f3a21e$lut for cells of type $lut.
Using template $paramod$9bdc414229f06e785dc8fd97a243faa9336e164a$lut for cells of type $lut.
Using template $paramod$lut\WIDTH=32'00000000000000000000000000000011\LUT=8'10000000 for cells of type $lut.
Using template $paramod$78ccbff63b02f59356a06b100e067a277ea64a14$lut for cells of type $lut.
Using template $paramod$lut\WIDTH=32'00000000000000000000000000000011\LUT=8'00100000 for cells of type $lut.
Using template $paramod$lut\WIDTH=32'00000000000000000000000000000011\LUT=8'00010100 for cells of type $lut.
Using template $paramod$4c4c54894333f3af6ef0311ab8bbf37c8e7cc9da$lut for cells of type $lut.
Using template $paramod$lut\WIDTH=32'00000000000000000000000000000011\LUT=8'10101101 for cells of type $lut.
Using template $paramod$lut\WIDTH=32'00000000000000000000000000000011\LUT=8'11010000 for cells of type $lut.
Using template $paramod$7b733f5b3466ec911060896fccc5c2626cbe3d64$lut for cells of type $lut.
Using template $paramod$lut\WIDTH=32'00000000000000000000000000000011\LUT=8'00001101 for cells of type $lut.
Using template $paramod$a8bd02a7e5ce01918f902c876189fe753369e4f7$lut for cells of type $lut.
Using template $paramod$a581731ddcf4bc6a484ef705994ec78838f550a2$lut for cells of type $lut.
Using template $paramod$bf0d0292861bdee659ef5cbc5e58b330ac5871f9$lut for cells of type $lut.
Using template $paramod$2f533fc88bb1fca9d5c2d47291057be09b05f547$lut for cells of type $lut.
Using template $paramod$9664483609d9e726df9697364de1aad825ad3979$lut for cells of type $lut.
Using template $paramod$c17f783b2672ece4ec8753c85600d76537d11ec4$lut for cells of type $lut.
Using template $paramod$f3f65220ba9d8579978a9c5c53f3efe73fd515ea$lut for cells of type $lut.
Using template $paramod$cc32a05866f608aca38637d6c7ba9e5d077e8484$lut for cells of type $lut.
Using template $paramod$baee406d84fe0a8ab3e46482a4f51900848b9595$lut for cells of type $lut.
Using template $paramod$e3c591c7d3abab4bfabadf10b1fc869920c95fef$lut for cells of type $lut.
No more expansions possible.
<suppressed ~620 debug messages>

2.46. Executing OPT_LUT_INS pass (discard unused LUT inputs).
Optimizing LUTs in uart_tx.
  Optimizing lut $abc$2645$lut$aiger2644$235.genblk1.genblk1.genblk1.genblk1.genblk1.genblk1.lut0.genblk1.genblk1.genblk1.genblk1.genblk1.lut1 (4 -> 0)
  Optimizing lut $abc$2645$lut$aiger2644$235.genblk1.genblk1.genblk1.genblk1.genblk1.genblk1.lut0.genblk1.genblk1.genblk1.genblk1.genblk1.lut0 (4 -> 0)
  Optimizing lut $abc$2645$lut$aiger2644$280.genblk1.genblk1.genblk1.genblk1.genblk1.lut0 (4 -> 1)
  Optimizing lut $abc$2645$lut$aiger2644$208.genblk1.genblk1.genblk1.genblk1.genblk1.lut0 (4 -> 0)
  Optimizing lut $abc$2645$lut$aiger2644$226.genblk1.genblk1.genblk1.genblk1.genblk1.lut0 (4 -> 0)
  Optimizing lut $abc$2645$lut$aiger2644$248.genblk1.genblk1.genblk1.genblk1.genblk1.lut0 (4 -> 3)
  Optimizing lut $abc$2645$lut$aiger2644$235.genblk1.genblk1.genblk1.genblk1.genblk1.genblk1.lut1.genblk1.genblk1.genblk1.genblk1.genblk1.lut0 (4 -> 0)

2.47. Executing HILOMAP pass (mapping to constant drivers).
Removed 0 unused cells and 128 unused wires.

2.48. Executing AUTONAME pass.
Renamed 201 objects in module uart_tx (64 iterations).
<suppressed ~201 debug messages>

2.49. Executing HIERARCHY pass (managing design hierarchy).
Attribute `top' found on module `uart_tx'. Setting top module to uart_tx.

2.49.1. Analyzing design hierarchy..
Top module:  \uart_tx

2.49.2. Analyzing design hierarchy..
Top module:  \uart_tx
Removed 0 unused modules.

2.50. Printing statistics.

=== uart_tx ===

        +----------Local Count, excluding submodules.
        | 
       93 wires
      180 wire bits
       93 public wires
      180 public wire bits
        5 ports
       12 port bits
       65 cells
        1   GND
       10   IBUF
        9   LUT1
        5   LUT2
        9   LUT3
       21   LUT4
        6   MUX2_LUT5
        1   MUX2_LUT6
        2   OBUF
        1   VCC
       56 submodules
       21   ALU
        1   DFF
       15   DFFE
       18   DFFRE
        1   DFFSE

=== design hierarchy ===

        +----------Count including submodules.
        | 
       65 uart_tx

        +----------Count including submodules.
        | 
       93 wires
      180 wire bits
       93 public wires
      180 public wire bits
        5 ports
       12 port bits
        - memories
        - memory bits
        - processes
       65 cells
        1   GND
       10   IBUF
        9   LUT1
        5   LUT2
        9   LUT3
       21   LUT4
        6   MUX2_LUT5
        1   MUX2_LUT6
        2   OBUF
        1   VCC
       56 submodules
       21   ALU
        1   DFF
       15   DFFE
       18   DFFRE
        1   DFFSE

2.51. Executing CHECK pass (checking for obvious problems).
Checking module uart_tx...
Found and reported 0 problems.

3. Printing statistics.

=== uart_tx ===

        +----------Local Count, excluding submodules.
        | 
       93 wires
      180 wire bits
       93 public wires
      180 public wire bits
        5 ports
       12 port bits
      121 cells
       21   ALU
        1   DFF
       15   DFFE
       18   DFFRE
        1   DFFSE
        1   GND
       10   IBUF
        9   LUT1
        5   LUT2
        9   LUT3
       21   LUT4
        6   MUX2_LUT5
        1   MUX2_LUT6
        2   OBUF
        1   VCC

End of script. Logfile hash: 40f0c3bc08, time: 0.34s, user: 0.19s, system: 0.05s, MEM: 37.91 MB peak
Yosys 0.66+91 (git sha1 8869ce61d, Release, Clang /usr/local/osxcross/target/bin/aarch64-apple-darwin23.5-clang++ 18.1.8)
Time spent: 29% 26x read_verilog (0 sec), 19% 1x abc9_exe (0 sec), ...
