
 /----------------------------------------------------------------------------\
 |  yosys -- Yosys Open SYnthesis Suite                                       |
 |  Copyright (C) 2012 - 2026  Claire Xenia Wolf <claire@yosyshq.com>         |
 |  Distributed under an ISC-like license, type "license" to see terms        |
 \----------------------------------------------------------------------------/
 Yosys 0.66+91 (git sha1 8869ce61d, Release, Clang /usr/local/osxcross/target/bin/aarch64-apple-darwin23.5-clang++ 18.1.8)

-- Running command `read_verilog rtl/uart_tx.v rtl/message_tx.v ; synth_gowin -top message_tx; stat' --

1. Executing Verilog-2005 frontend: rtl/uart_tx.v
Parsing Verilog input from `rtl/uart_tx.v' to AST representation.
Generating RTLIL representation for module `\uart_tx'.
Successfully finished Verilog frontend.

2. Executing Verilog-2005 frontend: rtl/message_tx.v
Parsing Verilog input from `rtl/message_tx.v' to AST representation.
Generating RTLIL representation for module `\message_tx'.
Successfully finished Verilog frontend.

3. Executing SYNTH_GOWIN pass.

3.1. Executing Verilog-2005 frontend: /Users/paoloverwey/oss-cad-suite/libexec/../share/yosys/gowin/cells_sim.v
Parsing Verilog input from `/Users/paoloverwey/oss-cad-suite/libexec/../share/yosys/gowin/cells_sim.v' to AST representation.
Generating RTLIL representation for module `\LUT1'.
Generating RTLIL representation for module `\LUT2'.
Generating RTLIL representation for module `\LUT3'.
Generating RTLIL representation for module `\LUT4'.
Generating RTLIL representation for module `\__APICULA_LUT5'.
Generating RTLIL representation for module `\__APICULA_LUT6'.
Generating RTLIL representation for module `\__APICULA_LUT7'.
Generating RTLIL representation for module `\__APICULA_LUT8'.
Generating RTLIL representation for module `\MUX2'.
Generating RTLIL representation for module `\MUX2_LUT5'.
Generating RTLIL representation for module `\MUX2_LUT6'.
Generating RTLIL representation for module `\MUX2_LUT7'.
Generating RTLIL representation for module `\MUX2_LUT8'.
Generating RTLIL representation for module `\DFF'.
Generating RTLIL representation for module `\DFFE'.
Generating RTLIL representation for module `\DFFS'.
Generating RTLIL representation for module `\DFFSE'.
Generating RTLIL representation for module `\DFFR'.
Generating RTLIL representation for module `\DFFRE'.
Generating RTLIL representation for module `\DFFP'.
Generating RTLIL representation for module `\DFFPE'.
Generating RTLIL representation for module `\DFFC'.
Generating RTLIL representation for module `\DFFCE'.
Generating RTLIL representation for module `\DFFN'.
Generating RTLIL representation for module `\DFFNE'.
Generating RTLIL representation for module `\DFFNS'.
Generating RTLIL representation for module `\DFFNSE'.
Generating RTLIL representation for module `\DFFNR'.
Generating RTLIL representation for module `\DFFNRE'.
Generating RTLIL representation for module `\DFFNP'.
Generating RTLIL representation for module `\DFFNPE'.
Generating RTLIL representation for module `\DFFNC'.
Generating RTLIL representation for module `\DFFNCE'.
Generating RTLIL representation for module `\DL'.
Generating RTLIL representation for module `\DLN'.
Generating RTLIL representation for module `\DLE'.
Generating RTLIL representation for module `\DLNE'.
Generating RTLIL representation for module `\DLC'.
Generating RTLIL representation for module `\DLCE'.
Generating RTLIL representation for module `\DLNC'.
Generating RTLIL representation for module `\DLNCE'.
Generating RTLIL representation for module `\DLP'.
Generating RTLIL representation for module `\DLPE'.
Generating RTLIL representation for module `\DLNP'.
Generating RTLIL representation for module `\DLNPE'.
Generating RTLIL representation for module `\VCC'.
Generating RTLIL representation for module `\GND'.
Generating RTLIL representation for module `\IBUF'.
Generating RTLIL representation for module `\OBUF'.
Generating RTLIL representation for module `\TBUF'.
Generating RTLIL representation for module `\IOBUF'.
Generating RTLIL representation for module `\ELVDS_OBUF'.
Generating RTLIL representation for module `\TLVDS_OBUF'.
Generating RTLIL representation for module `\OSER4'.
Generating RTLIL representation for module `\OSER4_MEM'.
Generating RTLIL representation for module `\OSER8'.
Generating RTLIL representation for module `\OSER10'.
Generating RTLIL representation for module `\OVIDEO'.
Generating RTLIL representation for module `\OSER16'.
Generating RTLIL representation for module `\IDES4'.
Generating RTLIL representation for module `\IDES4_MEM'.
Generating RTLIL representation for module `\IDES8'.
Generating RTLIL representation for module `\IDES10'.
Generating RTLIL representation for module `\IVIDEO'.
Generating RTLIL representation for module `\IDES16'.
Generating RTLIL representation for module `\IDDR'.
Generating RTLIL representation for module `\IDDRC'.
Generating RTLIL representation for module `\DQS'.
Generating RTLIL representation for module `\ODDR'.
Generating RTLIL representation for module `\ODDRC'.
Generating RTLIL representation for module `\GSR'.
Generating RTLIL representation for module `\BANDGAP'.
Generating RTLIL representation for module `\ALU'.
Generating RTLIL representation for module `\RAM16S1'.
Generating RTLIL representation for module `\RAM16S2'.
Generating RTLIL representation for module `\RAM16S4'.
Generating RTLIL representation for module `\RAM16SDP1'.
Generating RTLIL representation for module `\RAM16SDP2'.
Generating RTLIL representation for module `\RAM16SDP4'.
Generating RTLIL representation for module `\SP'.
Generating RTLIL representation for module `\SPX9'.
Generating RTLIL representation for module `\SDP'.
Generating RTLIL representation for module `\SDPX9'.
Generating RTLIL representation for module `\DP'.
Generating RTLIL representation for module `\DPX9'.
Generating RTLIL representation for module `\rPLL'.
Generating RTLIL representation for module `\PLLVR'.
Generating RTLIL representation for module `\OSC'.
Generating RTLIL representation for module `\OSCZ'.
Generating RTLIL representation for module `\OSCF'.
Generating RTLIL representation for module `\OSCH'.
Generating RTLIL representation for module `\OSCW'.
Generating RTLIL representation for module `\OSCO'.
Generating RTLIL representation for module `\EMCU'.
Successfully finished Verilog frontend.

3.2. Executing Verilog-2005 frontend: /Users/paoloverwey/oss-cad-suite/libexec/../share/yosys/gowin/cells_xtra_gw1n.v
Parsing Verilog input from `/Users/paoloverwey/oss-cad-suite/libexec/../share/yosys/gowin/cells_xtra_gw1n.v' to AST representation.
Generating RTLIL representation for module `\LUT5'.
Generating RTLIL representation for module `\LUT6'.
Generating RTLIL representation for module `\LUT7'.
Generating RTLIL representation for module `\LUT8'.
Generating RTLIL representation for module `\INV'.
Generating RTLIL representation for module `\IODELAY'.
Generating RTLIL representation for module `\IEM'.
Generating RTLIL representation for module `\ROM16'.
Generating RTLIL representation for module `\ROM'.
Generating RTLIL representation for module `\ROMX9'.
Generating RTLIL representation for module `\pROM'.
Generating RTLIL representation for module `\pROMX9'.
Generating RTLIL representation for module `\SDPB'.
Generating RTLIL representation for module `\SDPX9B'.
Generating RTLIL representation for module `\DPB'.
Generating RTLIL representation for module `\DPX9B'.
Generating RTLIL representation for module `\PADD18'.
Generating RTLIL representation for module `\PADD9'.
Generating RTLIL representation for module `\MULT9X9'.
Generating RTLIL representation for module `\MULT18X18'.
Generating RTLIL representation for module `\MULT36X36'.
Generating RTLIL representation for module `\MULTALU36X18'.
Generating RTLIL representation for module `\MULTADDALU18X18'.
Generating RTLIL representation for module `\MULTALU18X18'.
Generating RTLIL representation for module `\ALU54D'.
Generating RTLIL representation for module `\BUFG'.
Generating RTLIL representation for module `\BUFS'.
Generating RTLIL representation for module `\PLL'.
Generating RTLIL representation for module `\TLVDS_IBUF'.
Generating RTLIL representation for module `\TLVDS_TBUF'.
Generating RTLIL representation for module `\TLVDS_IOBUF'.
Generating RTLIL representation for module `\ELVDS_IBUF'.
Generating RTLIL representation for module `\ELVDS_TBUF'.
Generating RTLIL representation for module `\ELVDS_IOBUF'.
Generating RTLIL representation for module `\MIPI_IBUF'.
Generating RTLIL representation for module `\MIPI_IBUF_HS'.
Generating RTLIL representation for module `\MIPI_IBUF_LP'.
Generating RTLIL representation for module `\MIPI_OBUF'.
Generating RTLIL representation for module `\MIPI_OBUF_A'.
Generating RTLIL representation for module `\ELVDS_IBUF_MIPI'.
Generating RTLIL representation for module `\I3C_IOBUF'.
Generating RTLIL representation for module `\CLKDIV'.
Generating RTLIL representation for module `\DHCEN'.
Generating RTLIL representation for module `\DLLDLY'.
Generating RTLIL representation for module `\FLASH96K'.
Generating RTLIL representation for module `\FLASH256K'.
Generating RTLIL representation for module `\FLASH608K'.
Generating RTLIL representation for module `\DCS'.
Generating RTLIL representation for module `\DQCE'.
Generating RTLIL representation for module `\CLKDIV2'.
Generating RTLIL representation for module `\DHCENC'.
Generating RTLIL representation for module `\FLASH64K'.
Generating RTLIL representation for module `\FLASH64KZ'.
Successfully finished Verilog frontend.

3.3. Executing HIERARCHY pass (managing design hierarchy).

3.3.1. Analyzing design hierarchy..
Top module:  \message_tx
Used module:     \uart_tx
Parameter \ACC_INCREMENT = 3
Parameter \ACC_MODULUS = 8
Parameter \BAUD_DIVISOR = 234

3.3.2. Executing AST frontend in derive mode using pre-parsed AST for module `\uart_tx'.
Parameter \ACC_INCREMENT = 3
Parameter \ACC_MODULUS = 8
Parameter \BAUD_DIVISOR = 234
Generating RTLIL representation for module `$paramod$a7c3c30138af1325a60904ccdffc2805a4e27d04\uart_tx'.

3.3.3. Analyzing design hierarchy..
Top module:  \message_tx
Used module:     $paramod$a7c3c30138af1325a60904ccdffc2805a4e27d04\uart_tx

3.3.4. Analyzing design hierarchy..
Top module:  \message_tx
Used module:     $paramod$a7c3c30138af1325a60904ccdffc2805a4e27d04\uart_tx
Removing unused module `\uart_tx'.
Removed 1 unused modules.

3.4. Executing PROC pass (convert processes to netlists).

3.4.1. Executing PROC_CLEAN pass (remove empty switches from decision trees).
Cleaned up 0 empty switches.

3.4.2. Executing PROC_RMDEAD pass (remove dead branches from decision trees).
Marked 3 switch rules as full_case in process $proc$rtl/message_tx.v:106$56 in module message_tx.
Marked 10 switch rules as full_case in process $proc$rtl/uart_tx.v:56$413 in module $paramod$a7c3c30138af1325a60904ccdffc2805a4e27d04\uart_tx.
Removed a total of 0 dead cases.

3.4.3. Executing PROC_PRUNE pass (remove redundant assignments in processes).
Removed 0 redundant assignments.
Promoted 26 assignments to connections.

3.4.4. Executing PROC_INIT pass (extract init attributes).
Found init rule in `\message_tx.$proc$rtl/message_tx.v:80$71'.
  Set init value: \txByteValid = 1'0
  Set init value: \txByteData = 8'00000000
  Set init value: \messageSent = 1'0
  Set init value: \txBusy = 1'0
  Set init value: \sendWhileBusyError = 1'0
  Set init value: \msgType = 8'00000000
  Set init value: \orderID = 16'0000000000000000
  Set init value: \outcome = 8'00000000
  Set init value: \price = 16'0000000000000000
  Set init value: \quantity = 16'0000000000000000
  Set init value: \mtxState = 4'0000
  Set init value: \sendMessageValidPrev = 1'0
  Set init value: \txByteConsumedPrev = 1'0
  Set init value: \byteCounter = 1'0
Found init rule in `$paramod$a7c3c30138af1325a60904ccdffc2805a4e27d04\uart_tx.$proc$rtl/uart_tx.v:40$451'.
  Set init value: \txByteConsumed = 1'0
  Set init value: \txState = 4'0000
  Set init value: \txCounter = 13'0000000000000
  Set init value: \dataOut = 8'00000000
  Set init value: \txPinRegister = 1'1
  Set init value: \txBitNumber = 3'000
  Set init value: \txAccumulator = 4'0000
  Set init value: \txDelayFrames = 13'0000011101010
  Set init value: \txByteValidPrev = 1'0

3.4.5. Executing PROC_ARST pass (detect async resets in processes).

3.4.6. Executing PROC_ROM pass (convert switches to ROMs).
Converted 0 switches.
<suppressed ~24 debug messages>

3.4.7. Executing PROC_MUX pass (convert decision trees to multiplexers).
Creating decoders for process `\message_tx.$proc$rtl/message_tx.v:80$71'.
Creating decoders for process `\message_tx.$proc$rtl/message_tx.v:106$56'.
     1/12: $0\byteCounter[0:0]
     2/12: $0\mtxState[3:0]
     3/12: $0\quantity[15:0]
     4/12: $0\price[15:0]
     5/12: $0\outcome[7:0]
     6/12: $0\orderID[15:0]
     7/12: $0\msgType[7:0]
     8/12: $0\sendWhileBusyError[0:0]
     9/12: $0\txBusy[0:0]
    10/12: $0\messageSent[0:0]
    11/12: $0\txByteData[7:0]
    12/12: $0\txByteValid[0:0]
Creating decoders for process `\message_tx.$proc$rtl/message_tx.v:101$55'.
Creating decoders for process `$paramod$a7c3c30138af1325a60904ccdffc2805a4e27d04\uart_tx.$proc$rtl/uart_tx.v:40$451'.
Creating decoders for process `$paramod$a7c3c30138af1325a60904ccdffc2805a4e27d04\uart_tx.$proc$rtl/uart_tx.v:56$413'.
     1/8: $0\txDelayFrames[12:0]
     2/8: $0\txAccumulator[3:0]
     3/8: $0\txBitNumber[2:0]
     4/8: $0\txPinRegister[0:0]
     5/8: $0\dataOut[7:0]
     6/8: $0\txCounter[12:0]
     7/8: $0\txState[3:0]
     8/8: $0\txByteConsumed[0:0]
Creating decoders for process `$paramod$a7c3c30138af1325a60904ccdffc2805a4e27d04\uart_tx.$proc$rtl/uart_tx.v:52$412'.

3.4.8. Executing PROC_DLATCH pass (convert process syncs to latches).

3.4.9. Executing PROC_DFF pass (convert process syncs to FFs).
Creating register for signal `\message_tx.\txByteValid' using process `\message_tx.$proc$rtl/message_tx.v:106$56'.
  created $dff cell `$procdff$755' with positive edge clock.
Creating register for signal `\message_tx.\txByteData' using process `\message_tx.$proc$rtl/message_tx.v:106$56'.
  created $dff cell `$procdff$756' with positive edge clock.
Creating register for signal `\message_tx.\messageSent' using process `\message_tx.$proc$rtl/message_tx.v:106$56'.
  created $dff cell `$procdff$757' with positive edge clock.
Creating register for signal `\message_tx.\txBusy' using process `\message_tx.$proc$rtl/message_tx.v:106$56'.
  created $dff cell `$procdff$758' with positive edge clock.
Creating register for signal `\message_tx.\sendWhileBusyError' using process `\message_tx.$proc$rtl/message_tx.v:106$56'.
  created $dff cell `$procdff$759' with positive edge clock.
Creating register for signal `\message_tx.\msgType' using process `\message_tx.$proc$rtl/message_tx.v:106$56'.
  created $dff cell `$procdff$760' with positive edge clock.
Creating register for signal `\message_tx.\orderID' using process `\message_tx.$proc$rtl/message_tx.v:106$56'.
  created $dff cell `$procdff$761' with positive edge clock.
Creating register for signal `\message_tx.\outcome' using process `\message_tx.$proc$rtl/message_tx.v:106$56'.
  created $dff cell `$procdff$762' with positive edge clock.
Creating register for signal `\message_tx.\price' using process `\message_tx.$proc$rtl/message_tx.v:106$56'.
  created $dff cell `$procdff$763' with positive edge clock.
Creating register for signal `\message_tx.\quantity' using process `\message_tx.$proc$rtl/message_tx.v:106$56'.
  created $dff cell `$procdff$764' with positive edge clock.
Creating register for signal `\message_tx.\mtxState' using process `\message_tx.$proc$rtl/message_tx.v:106$56'.
  created $dff cell `$procdff$765' with positive edge clock.
Creating register for signal `\message_tx.\byteCounter' using process `\message_tx.$proc$rtl/message_tx.v:106$56'.
  created $dff cell `$procdff$766' with positive edge clock.
Creating register for signal `\message_tx.\sendMessageValidPrev' using process `\message_tx.$proc$rtl/message_tx.v:101$55'.
  created $dff cell `$procdff$767' with positive edge clock.
Creating register for signal `\message_tx.\txByteConsumedPrev' using process `\message_tx.$proc$rtl/message_tx.v:101$55'.
  created $dff cell `$procdff$768' with positive edge clock.
Creating register for signal `$paramod$a7c3c30138af1325a60904ccdffc2805a4e27d04\uart_tx.\txByteConsumed' using process `$paramod$a7c3c30138af1325a60904ccdffc2805a4e27d04\uart_tx.$proc$rtl/uart_tx.v:56$413'.
  created $dff cell `$procdff$769' with positive edge clock.
Creating register for signal `$paramod$a7c3c30138af1325a60904ccdffc2805a4e27d04\uart_tx.\txState' using process `$paramod$a7c3c30138af1325a60904ccdffc2805a4e27d04\uart_tx.$proc$rtl/uart_tx.v:56$413'.
  created $dff cell `$procdff$770' with positive edge clock.
Creating register for signal `$paramod$a7c3c30138af1325a60904ccdffc2805a4e27d04\uart_tx.\txCounter' using process `$paramod$a7c3c30138af1325a60904ccdffc2805a4e27d04\uart_tx.$proc$rtl/uart_tx.v:56$413'.
  created $dff cell `$procdff$771' with positive edge clock.
Creating register for signal `$paramod$a7c3c30138af1325a60904ccdffc2805a4e27d04\uart_tx.\dataOut' using process `$paramod$a7c3c30138af1325a60904ccdffc2805a4e27d04\uart_tx.$proc$rtl/uart_tx.v:56$413'.
  created $dff cell `$procdff$772' with positive edge clock.
Creating register for signal `$paramod$a7c3c30138af1325a60904ccdffc2805a4e27d04\uart_tx.\txPinRegister' using process `$paramod$a7c3c30138af1325a60904ccdffc2805a4e27d04\uart_tx.$proc$rtl/uart_tx.v:56$413'.
  created $dff cell `$procdff$773' with positive edge clock.
Creating register for signal `$paramod$a7c3c30138af1325a60904ccdffc2805a4e27d04\uart_tx.\txBitNumber' using process `$paramod$a7c3c30138af1325a60904ccdffc2805a4e27d04\uart_tx.$proc$rtl/uart_tx.v:56$413'.
  created $dff cell `$procdff$774' with positive edge clock.
Creating register for signal `$paramod$a7c3c30138af1325a60904ccdffc2805a4e27d04\uart_tx.\txAccumulator' using process `$paramod$a7c3c30138af1325a60904ccdffc2805a4e27d04\uart_tx.$proc$rtl/uart_tx.v:56$413'.
  created $dff cell `$procdff$775' with positive edge clock.
Creating register for signal `$paramod$a7c3c30138af1325a60904ccdffc2805a4e27d04\uart_tx.\txDelayFrames' using process `$paramod$a7c3c30138af1325a60904ccdffc2805a4e27d04\uart_tx.$proc$rtl/uart_tx.v:56$413'.
  created $dff cell `$procdff$776' with positive edge clock.
Creating register for signal `$paramod$a7c3c30138af1325a60904ccdffc2805a4e27d04\uart_tx.\txByteValidPrev' using process `$paramod$a7c3c30138af1325a60904ccdffc2805a4e27d04\uart_tx.$proc$rtl/uart_tx.v:52$412'.
  created $dff cell `$procdff$777' with positive edge clock.

3.4.10. Executing PROC_MEMWR pass (convert process memory writes to cells).

3.4.11. Executing PROC_CLEAN pass (remove empty switches from decision trees).
Removing empty process `message_tx.$proc$rtl/message_tx.v:80$71'.
Found and cleaned up 13 empty switches in `\message_tx.$proc$rtl/message_tx.v:106$56'.
Removing empty process `message_tx.$proc$rtl/message_tx.v:106$56'.
Removing empty process `message_tx.$proc$rtl/message_tx.v:101$55'.
Removing empty process `$paramod$a7c3c30138af1325a60904ccdffc2805a4e27d04\uart_tx.$proc$rtl/uart_tx.v:40$451'.
Found and cleaned up 11 empty switches in `$paramod$a7c3c30138af1325a60904ccdffc2805a4e27d04\uart_tx.$proc$rtl/uart_tx.v:56$413'.
Removing empty process `$paramod$a7c3c30138af1325a60904ccdffc2805a4e27d04\uart_tx.$proc$rtl/uart_tx.v:56$413'.
Removing empty process `$paramod$a7c3c30138af1325a60904ccdffc2805a4e27d04\uart_tx.$proc$rtl/uart_tx.v:52$412'.
Cleaned up 24 empty switches.

3.4.12. Executing OPT_EXPR pass (perform const folding).
Optimizing module message_tx.
<suppressed ~20 debug messages>
Optimizing module $paramod$a7c3c30138af1325a60904ccdffc2805a4e27d04\uart_tx.
<suppressed ~6 debug messages>

3.5. Executing CHECK pass (checking for obvious problems).
Checking module message_tx...
Checking module $paramod$a7c3c30138af1325a60904ccdffc2805a4e27d04\uart_tx...
Found and reported 0 problems.

3.6. Executing FLATTEN pass (flatten design).
Deleting now unused module $paramod$a7c3c30138af1325a60904ccdffc2805a4e27d04\uart_tx.
<suppressed ~1 debug messages>

3.7. Executing TRIBUF pass.

3.8. Executing DEMINOUT pass (demote inout ports to input or output).

3.9. Executing OPT_EXPR pass (perform const folding).
Optimizing module message_tx.

3.10. Executing OPT_CLEAN pass (remove unused cells and wires).
Finding unused cells or wires in module \message_tx..
Removed 3 unused cells and 124 unused wires.
<suppressed ~4 debug messages>

3.11. Executing CHECK pass (checking for obvious problems).
Checking module message_tx...
Found and reported 0 problems.

3.12. Executing OPT pass (performing simple optimizations).

3.12.1. Executing OPT_EXPR pass (perform const folding).
Optimizing module message_tx.

3.12.2. Executing OPT_MERGE pass (detect identical cells).
Finding identical cells in module `\message_tx'.
Computing hashes of 231 cells of `\message_tx'.
Finding duplicate cells in `\message_tx'.
Computing hashes of 161 cells of `\message_tx'.
Finding duplicate cells in `\message_tx'.
Computing hashes of 152 cells of `\message_tx'.
Finding duplicate cells in `\message_tx'.
<suppressed ~237 debug messages>
Removed a total of 79 cells.

3.12.3. Executing OPT_MUXTREE pass (detect dead branches in mux trees).
Running muxtree optimizer on module \message_tx..
  Creating internal representation of mux trees.
  Evaluating internal representation of mux trees.
  Analyzing evaluation results.
Removed 0 multiplexer ports.
<suppressed ~109 debug messages>

3.12.4. Executing OPT_REDUCE pass (consolidate $*mux and $reduce_* inputs).
  Optimizing cells in module \message_tx.
Performed a total of 0 changes.

3.12.5. Executing OPT_MERGE pass (detect identical cells).
Finding identical cells in module `\message_tx'.
Computing hashes of 152 cells of `\message_tx'.
Finding duplicate cells in `\message_tx'.
Computing hashes of 135 cells of `\message_tx'.
Finding duplicate cells in `\message_tx'.
Computing hashes of 127 cells of `\message_tx'.
Finding duplicate cells in `\message_tx'.
<suppressed ~75 debug messages>
Removed a total of 25 cells.

3.12.6. Executing OPT_DFF pass (perform DFF optimizations).

3.12.7. Executing OPT_CLEAN pass (remove unused cells and wires).
Finding unused cells or wires in module \message_tx..
Removed 0 unused cells and 104 unused wires.
<suppressed ~1 debug messages>

3.12.8. Executing OPT_EXPR pass (perform const folding).
Optimizing module message_tx.

3.12.9. Rerunning OPT passes. (Maybe there is more to do..)

3.12.10. Executing OPT_MUXTREE pass (detect dead branches in mux trees).
Running muxtree optimizer on module \message_tx..
  Creating internal representation of mux trees.
  Evaluating internal representation of mux trees.
  Analyzing evaluation results.
Removed 0 multiplexer ports.
<suppressed ~109 debug messages>

3.12.11. Executing OPT_REDUCE pass (consolidate $*mux and $reduce_* inputs).
  Optimizing cells in module \message_tx.
    New ctrl vector for $pmux cell $flatten\uart_tx_inst.$procmux$620: $auto$opt_reduce.cc:135:opt_pmux$782
    New ctrl vector for $pmux cell $flatten\uart_tx_inst.$procmux$707: { $auto$opt_reduce.cc:135:opt_pmux$784 $flatten\uart_tx_inst.$procmux$694_CMP }
    New ctrl vector for $pmux cell $procmux$594: $auto$opt_reduce.cc:135:opt_pmux$786
    New ctrl vector for $pmux cell $flatten\uart_tx_inst.$procmux$649: $auto$opt_reduce.cc:135:opt_pmux$788
    New ctrl vector for $pmux cell $procmux$458: $auto$opt_reduce.cc:135:opt_pmux$790
  Optimizing cells in module \message_tx.
Performed a total of 5 changes.

3.12.12. Executing OPT_MERGE pass (detect identical cells).
Finding identical cells in module `\message_tx'.
Computing hashes of 132 cells of `\message_tx'.
Finding duplicate cells in `\message_tx'.
Computing hashes of 130 cells of `\message_tx'.
Finding duplicate cells in `\message_tx'.
<suppressed ~6 debug messages>
Removed a total of 2 cells.

3.12.13. Executing OPT_DFF pass (perform DFF optimizations).

3.12.14. Executing OPT_CLEAN pass (remove unused cells and wires).
Finding unused cells or wires in module \message_tx..
Removed 0 unused cells and 2 unused wires.
<suppressed ~1 debug messages>

3.12.15. Executing OPT_EXPR pass (perform const folding).
Optimizing module message_tx.

3.12.16. Rerunning OPT passes. (Maybe there is more to do..)

3.12.17. Executing OPT_MUXTREE pass (detect dead branches in mux trees).
Running muxtree optimizer on module \message_tx..
  Creating internal representation of mux trees.
  Evaluating internal representation of mux trees.
  Analyzing evaluation results.
Removed 0 multiplexer ports.
<suppressed ~84 debug messages>

3.12.18. Executing OPT_REDUCE pass (consolidate $*mux and $reduce_* inputs).
  Optimizing cells in module \message_tx.
Performed a total of 0 changes.

3.12.19. Executing OPT_MERGE pass (detect identical cells).
Finding identical cells in module `\message_tx'.
Computing hashes of 130 cells of `\message_tx'.
Finding duplicate cells in `\message_tx'.
Removed a total of 0 cells.

3.12.20. Executing OPT_DFF pass (perform DFF optimizations).

3.12.21. Executing OPT_CLEAN pass (remove unused cells and wires).
Finding unused cells or wires in module \message_tx..

3.12.22. Executing OPT_EXPR pass (perform const folding).
Optimizing module message_tx.

3.12.23. Finished fast OPT passes. (There is nothing left to do.)

3.13. Executing FSM pass (extract and optimize FSM).

3.13.1. Executing FSM_DETECT pass (finding FSMs in design).
Not marking message_tx.uart_tx_inst.txDelayFrames as FSM state register:
    Users of register don't seem to benefit from recoding.
    Register has an initialization value.
Not marking message_tx.uart_tx_inst.txState as FSM state register:
    Register has an initialization value.
Not marking message_tx.mtxState as FSM state register:
    Users of register don't seem to benefit from recoding.
    Register has an initialization value.

3.13.2. Executing FSM_EXTRACT pass (extracting FSM from design).

3.13.3. Executing FSM_OPT pass (simple optimizations of FSMs).

3.13.4. Executing OPT_CLEAN pass (remove unused cells and wires).
Finding unused cells or wires in module \message_tx..

3.13.5. Executing FSM_OPT pass (simple optimizations of FSMs).

3.13.6. Executing FSM_RECODE pass (re-assigning FSM state encoding).

3.13.7. Executing FSM_INFO pass (dumping all available information on FSM cells).

3.13.8. Executing FSM_MAP pass (mapping FSMs to basic logic).

3.14. Executing OPT pass (performing simple optimizations).

3.14.1. Executing OPT_EXPR pass (perform const folding).
Optimizing module message_tx.

3.14.2. Executing OPT_MERGE pass (detect identical cells).
Finding identical cells in module `\message_tx'.
Computing hashes of 130 cells of `\message_tx'.
Finding duplicate cells in `\message_tx'.
Removed a total of 0 cells.

3.14.3. Executing OPT_MUXTREE pass (detect dead branches in mux trees).
Running muxtree optimizer on module \message_tx..
  Creating internal representation of mux trees.
  Evaluating internal representation of mux trees.
  Analyzing evaluation results.
Removed 0 multiplexer ports.
<suppressed ~84 debug messages>

3.14.4. Executing OPT_REDUCE pass (consolidate $*mux and $reduce_* inputs).
  Optimizing cells in module \message_tx.
Performed a total of 0 changes.

3.14.5. Executing OPT_MERGE pass (detect identical cells).
Finding identical cells in module `\message_tx'.
Computing hashes of 130 cells of `\message_tx'.
Finding duplicate cells in `\message_tx'.
Removed a total of 0 cells.

3.14.6. Executing OPT_DFF pass (perform DFF optimizations).
Adding EN signal on $procdff$766 ($dff) from module message_tx (D = $procmux$454_Y, Q = \byteCounter).
Adding SRST signal on $auto$ff.cc:337:slice$791 ($dffe) from module message_tx (D = $add$rtl/message_tx.v:153$62_Y [0], Q = \byteCounter, rval = 1'0).
Adding EN signal on $procdff$755 ($dff) from module message_tx (D = $procmux$592_Y, Q = \txByteValid).
Adding EN signal on $procdff$756 ($dff) from module message_tx (D = $0\txByteData[7:0], Q = \txByteData).
Adding EN signal on $procdff$757 ($dff) from module message_tx (D = $0\messageSent[0:0], Q = \messageSent).
Adding EN signal on $procdff$758 ($dff) from module message_tx (D = $0\txBusy[0:0], Q = \txBusy).
Adding SRST signal on $procdff$759 ($dff) from module message_tx (D = $procmux$561_Y, Q = \sendWhileBusyError, rval = 1'0).
Adding EN signal on $auto$ff.cc:337:slice$815 ($sdff) from module message_tx (D = 1'1, Q = \sendWhileBusyError).
Adding EN signal on $procdff$760 ($dff) from module message_tx (D = \msgTypeIn, Q = \msgType).
Adding EN signal on $procdff$761 ($dff) from module message_tx (D = \orderIDIn, Q = \orderID).
Adding EN signal on $procdff$762 ($dff) from module message_tx (D = \outcomeIn, Q = \outcome).
Adding EN signal on $procdff$763 ($dff) from module message_tx (D = \priceIn, Q = \price).
Adding EN signal on $procdff$764 ($dff) from module message_tx (D = \quantityIn, Q = \quantity).
Adding EN signal on $procdff$765 ($dff) from module message_tx (D = $0\mtxState[3:0], Q = \mtxState).
Adding EN signal on $flatten\uart_tx_inst.$procdff$776 ($dff) from module message_tx (D = $flatten\uart_tx_inst.$procmux$616_Y, Q = \uart_tx_inst.txDelayFrames).
Adding EN signal on $flatten\uart_tx_inst.$procdff$775 ($dff) from module message_tx (D = $flatten\uart_tx_inst.$procmux$645_Y, Q = \uart_tx_inst.txAccumulator).
Adding EN signal on $flatten\uart_tx_inst.$procdff$774 ($dff) from module message_tx (D = $flatten\uart_tx_inst.$0\txBitNumber[2:0], Q = \uart_tx_inst.txBitNumber).
Adding EN signal on $flatten\uart_tx_inst.$procdff$773 ($dff) from module message_tx (D = $flatten\uart_tx_inst.$0\txPinRegister[0:0], Q = \uart_tx_inst.txPinRegister).
Adding EN signal on $flatten\uart_tx_inst.$procdff$772 ($dff) from module message_tx (D = \txByteData, Q = \uart_tx_inst.dataOut).
Adding EN signal on $flatten\uart_tx_inst.$procdff$771 ($dff) from module message_tx (D = $flatten\uart_tx_inst.$0\txCounter[12:0], Q = \uart_tx_inst.txCounter).
Adding EN signal on $flatten\uart_tx_inst.$procdff$770 ($dff) from module message_tx (D = $flatten\uart_tx_inst.$0\txState[3:0], Q = \uart_tx_inst.txState).
Adding EN signal on $flatten\uart_tx_inst.$procdff$769 ($dff) from module message_tx (D = $flatten\uart_tx_inst.$0\txByteConsumed[0:0], Q = \uart_tx_inst.txByteConsumed).

3.14.7. Executing OPT_CLEAN pass (remove unused cells and wires).
Finding unused cells or wires in module \message_tx..
Removed 22 unused cells and 22 unused wires.
<suppressed ~23 debug messages>

3.14.8. Executing OPT_EXPR pass (perform const folding).
Optimizing module message_tx.
<suppressed ~9 debug messages>

3.14.9. Rerunning OPT passes. (Maybe there is more to do..)

3.14.10. Executing OPT_MUXTREE pass (detect dead branches in mux trees).
Running muxtree optimizer on module \message_tx..
  Creating internal representation of mux trees.
  Evaluating internal representation of mux trees.
  Analyzing evaluation results.
Removed 0 multiplexer ports.
<suppressed ~54 debug messages>

3.14.11. Executing OPT_REDUCE pass (consolidate $*mux and $reduce_* inputs).
  Optimizing cells in module \message_tx.
Performed a total of 0 changes.

3.14.12. Executing OPT_MERGE pass (detect identical cells).
Finding identical cells in module `\message_tx'.
Computing hashes of 160 cells of `\message_tx'.
Finding duplicate cells in `\message_tx'.
Computing hashes of 146 cells of `\message_tx'.
Finding duplicate cells in `\message_tx'.
<suppressed ~42 debug messages>
Removed a total of 14 cells.

3.14.13. Executing OPT_DFF pass (perform DFF optimizations).

3.14.14. Executing OPT_CLEAN pass (remove unused cells and wires).
Finding unused cells or wires in module \message_tx..
Removed 0 unused cells and 14 unused wires.
<suppressed ~1 debug messages>

3.14.15. Executing OPT_EXPR pass (perform const folding).
Optimizing module message_tx.

3.14.16. Rerunning OPT passes. (Maybe there is more to do..)

3.14.17. Executing OPT_MUXTREE pass (detect dead branches in mux trees).
Running muxtree optimizer on module \message_tx..
  Creating internal representation of mux trees.
  Evaluating internal representation of mux trees.
  Analyzing evaluation results.
Removed 0 multiplexer ports.
<suppressed ~54 debug messages>

3.14.18. Executing OPT_REDUCE pass (consolidate $*mux and $reduce_* inputs).
  Optimizing cells in module \message_tx.
Performed a total of 0 changes.

3.14.19. Executing OPT_MERGE pass (detect identical cells).
Finding identical cells in module `\message_tx'.
Computing hashes of 146 cells of `\message_tx'.
Finding duplicate cells in `\message_tx'.
Removed a total of 0 cells.

3.14.20. Executing OPT_DFF pass (perform DFF optimizations).

3.14.21. Executing OPT_CLEAN pass (remove unused cells and wires).
Finding unused cells or wires in module \message_tx..

3.14.22. Executing OPT_EXPR pass (perform const folding).
Optimizing module message_tx.

3.14.23. Finished fast OPT passes. (There is nothing left to do.)

3.15. Executing WREDUCE pass (reducing word size of cells).
Removed top 1 bits (of 2) from port B of cell message_tx.$auto$opt_dff.cc:235:make_patterns_logic$907 ($ne).
Removed top 1 bits (of 2) from port B of cell message_tx.$auto$opt_dff.cc:235:make_patterns_logic$905 ($ne).
Removed top 1 bits (of 2) from port B of cell message_tx.$auto$opt_dff.cc:235:make_patterns_logic$903 ($ne).
Removed top 1 bits (of 2) from port B of cell message_tx.$auto$opt_dff.cc:235:make_patterns_logic$899 ($ne).
Removed top 1 bits (of 2) from port B of cell message_tx.$auto$opt_dff.cc:235:make_patterns_logic$890 ($ne).
Removed top 1 bits (of 2) from port B of cell message_tx.$auto$opt_dff.cc:235:make_patterns_logic$871 ($ne).
Removed top 31 bits (of 32) from port B of cell message_tx.$add$rtl/message_tx.v:187$70 ($add).
Removed top 31 bits (of 32) from port Y of cell message_tx.$add$rtl/message_tx.v:187$70 ($add).
Removed top 1 bits (of 4) from port B of cell message_tx.$procmux$595_CMP0 ($eq).
Removed top 1 bits (of 4) from port B of cell message_tx.$procmux$598_CMP0 ($eq).
Removed top 1 bits (of 4) from port B of cell message_tx.$procmux$601_CMP0 ($eq).
Removed top 1 bits (of 4) from port B of cell message_tx.$procmux$604_CMP0 ($eq).
Removed top 2 bits (of 4) from port B of cell message_tx.$procmux$607_CMP0 ($eq).
Removed top 2 bits (of 4) from port B of cell message_tx.$procmux$610_CMP0 ($eq).
Removed top 3 bits (of 4) from port B of cell message_tx.$procmux$613_CMP0 ($eq).
Removed top 3 bits (of 4) from port B of cell message_tx.$flatten\uart_tx_inst.$procmux$642_CMP0 ($eq).
Removed top 2 bits (of 4) from port B of cell message_tx.$flatten\uart_tx_inst.$procmux$635_CMP0 ($eq).
Removed top 2 bits (of 4) from port B of cell message_tx.$flatten\uart_tx_inst.$procmux$628_CMP0 ($eq).
Removed top 1 bits (of 4) from port B of cell message_tx.$flatten\uart_tx_inst.$procmux$621_CMP0 ($eq).
Removed top 12 bits (of 13) from mux cell message_tx.$flatten\uart_tx_inst.$procmux$616 ($mux).
Removed top 28 bits (of 32) from port B of cell message_tx.$flatten\uart_tx_inst.$sub$rtl/uart_tx.v:116$440 ($sub).
Removed top 28 bits (of 32) from port Y of cell message_tx.$flatten\uart_tx_inst.$sub$rtl/uart_tx.v:116$440 ($sub).
Removed top 28 bits (of 32) from port A of cell message_tx.$flatten\uart_tx_inst.$sub$rtl/uart_tx.v:116$440 ($sub).
Removed top 28 bits (of 32) from port B of cell message_tx.$flatten\uart_tx_inst.$ge$rtl/uart_tx.v:96$428 ($ge).
Removed top 31 bits (of 32) from port B of cell message_tx.$flatten\uart_tx_inst.$add$rtl/uart_tx.v:92$426 ($add).
Removed top 29 bits (of 32) from port Y of cell message_tx.$flatten\uart_tx_inst.$add$rtl/uart_tx.v:92$426 ($add).
Removed top 31 bits (of 32) from port B of cell message_tx.$flatten\uart_tx_inst.$add$rtl/uart_tx.v:83$421 ($add).
Removed top 18 bits (of 32) from port Y of cell message_tx.$flatten\uart_tx_inst.$add$rtl/uart_tx.v:83$421 ($add).
Removed top 30 bits (of 32) from port B of cell message_tx.$flatten\uart_tx_inst.$add$rtl/uart_tx.v:75$416 ($add).
Removed top 27 bits (of 32) from port Y of cell message_tx.$flatten\uart_tx_inst.$add$rtl/uart_tx.v:75$416 ($add).
Removed top 27 bits (of 32) from port A of cell message_tx.$flatten\uart_tx_inst.$ge$rtl/uart_tx.v:96$428 ($ge).
Removed top 12 bits (of 13) from wire message_tx.$flatten\uart_tx_inst.$procmux$616_Y.
Removed top 31 bits (of 32) from wire message_tx.$flatten\uart_tx_inst.$reduce_xor$rtl/uart_tx.v:109$433_Y.
Removed top 18 bits (of 32) from wire message_tx.$flatten\uart_tx_inst.$add$rtl/uart_tx.v:105$432_Y.
Removed top 27 bits (of 32) from wire message_tx.$flatten\uart_tx_inst.$add$rtl/uart_tx.v:101$431_Y.
Removed top 29 bits (of 32) from wire message_tx.$flatten\uart_tx_inst.$add$rtl/uart_tx.v:92$426_Y.
Removed top 28 bits (of 32) from wire message_tx.$flatten\uart_tx_inst.$sub$rtl/uart_tx.v:116$440_Y.
Removed top 31 bits (of 32) from wire message_tx.$add$rtl/message_tx.v:153$62_Y.

3.16. Executing PEEPOPT pass (run peephole optimizers).

3.17. Executing OPT_CLEAN pass (remove unused cells and wires).
Finding unused cells or wires in module \message_tx..
Removed 0 unused cells and 7 unused wires.
<suppressed ~1 debug messages>

3.18. Executing SHARE pass (SAT-based resource sharing).

3.19. Executing TECHMAP pass (map to technology primitives).

3.19.1. Executing Verilog-2005 frontend: /Users/paoloverwey/oss-cad-suite/libexec/../share/yosys/mul2dsp.v
Parsing Verilog input from `/Users/paoloverwey/oss-cad-suite/libexec/../share/yosys/mul2dsp.v' to AST representation.
Generating RTLIL representation for module `\_80_mul'.
Generating RTLIL representation for module `\_90_soft_mul'.
Successfully finished Verilog frontend.

3.19.2. Continuing TECHMAP pass.
No more expansions possible.
<suppressed ~4 debug messages>

3.20. Executing TECHMAP pass (map to technology primitives).

3.20.1. Executing Verilog-2005 frontend: /Users/paoloverwey/oss-cad-suite/libexec/../share/yosys/mul2dsp.v
Parsing Verilog input from `/Users/paoloverwey/oss-cad-suite/libexec/../share/yosys/mul2dsp.v' to AST representation.
Generating RTLIL representation for module `\_80_mul'.
Generating RTLIL representation for module `\_90_soft_mul'.
Successfully finished Verilog frontend.

3.20.2. Continuing TECHMAP pass.
No more expansions possible.
<suppressed ~4 debug messages>

3.21. Executing TECHMAP pass (map to technology primitives).

3.21.1. Executing Verilog-2005 frontend: /Users/paoloverwey/oss-cad-suite/libexec/../share/yosys/mul2dsp.v
Parsing Verilog input from `/Users/paoloverwey/oss-cad-suite/libexec/../share/yosys/mul2dsp.v' to AST representation.
Generating RTLIL representation for module `\_80_mul'.
Generating RTLIL representation for module `\_90_soft_mul'.
Successfully finished Verilog frontend.

3.21.2. Continuing TECHMAP pass.
No more expansions possible.
<suppressed ~4 debug messages>

3.22. Executing TECHMAP pass (map to technology primitives).

3.22.1. Executing Verilog-2005 frontend: /Users/paoloverwey/oss-cad-suite/libexec/../share/yosys/mul2dsp.v
Parsing Verilog input from `/Users/paoloverwey/oss-cad-suite/libexec/../share/yosys/mul2dsp.v' to AST representation.
Generating RTLIL representation for module `\_80_mul'.
Generating RTLIL representation for module `\_90_soft_mul'.
Successfully finished Verilog frontend.

3.22.2. Continuing TECHMAP pass.
No more expansions possible.
<suppressed ~4 debug messages>

3.23. Executing TECHMAP pass (map to technology primitives).

3.23.1. Executing Verilog-2005 frontend: /Users/paoloverwey/oss-cad-suite/libexec/../share/yosys/gowin/dsp_map.v
Parsing Verilog input from `/Users/paoloverwey/oss-cad-suite/libexec/../share/yosys/gowin/dsp_map.v' to AST representation.
Generating RTLIL representation for module `$__MUL9X9'.
Generating RTLIL representation for module `$__MUL18X18'.
Generating RTLIL representation for module `$__MUL36X36'.
Successfully finished Verilog frontend.

3.23.2. Continuing TECHMAP pass.
No more expansions possible.
<suppressed ~5 debug messages>

3.24. Executing ALUMACC pass (create $alu and $macc cells).
Extracting $alu and $macc cells in module message_tx:
  creating $macc model for $flatten\uart_tx_inst.$sub$rtl/uart_tx.v:116$440 ($sub).
  creating $macc model for $flatten\uart_tx_inst.$add$rtl/uart_tx.v:75$416 ($add).
  creating $macc model for $flatten\uart_tx_inst.$add$rtl/uart_tx.v:83$421 ($add).
  creating $macc model for $flatten\uart_tx_inst.$add$rtl/uart_tx.v:92$426 ($add).
  creating $macc model for $add$rtl/message_tx.v:187$70 ($add).
  creating $alu model for $macc $add$rtl/message_tx.v:187$70.
  creating $alu model for $macc $flatten\uart_tx_inst.$add$rtl/uart_tx.v:92$426.
  creating $alu model for $macc $flatten\uart_tx_inst.$add$rtl/uart_tx.v:83$421.
  creating $alu model for $macc $flatten\uart_tx_inst.$add$rtl/uart_tx.v:75$416.
  creating $alu model for $macc $flatten\uart_tx_inst.$sub$rtl/uart_tx.v:116$440.
  creating $alu model for $flatten\uart_tx_inst.$ge$rtl/uart_tx.v:96$428 ($ge): new $alu
  creating $alu cell for $flatten\uart_tx_inst.$ge$rtl/uart_tx.v:96$428: $auto$alumacc.cc:512:replace_alu$925
  creating $alu cell for $flatten\uart_tx_inst.$sub$rtl/uart_tx.v:116$440: $auto$alumacc.cc:512:replace_alu$938
  creating $alu cell for $flatten\uart_tx_inst.$add$rtl/uart_tx.v:75$416: $auto$alumacc.cc:512:replace_alu$941
  creating $alu cell for $flatten\uart_tx_inst.$add$rtl/uart_tx.v:83$421: $auto$alumacc.cc:512:replace_alu$944
  creating $alu cell for $flatten\uart_tx_inst.$add$rtl/uart_tx.v:92$426: $auto$alumacc.cc:512:replace_alu$947
  creating $alu cell for $add$rtl/message_tx.v:187$70: $auto$alumacc.cc:512:replace_alu$950
  created 6 $alu and 0 $macc cells.

3.25. Executing OPT pass (performing simple optimizations).

3.25.1. Executing OPT_EXPR pass (perform const folding).
Optimizing module message_tx.

3.25.2. Executing OPT_MERGE pass (detect identical cells).
Finding identical cells in module `\message_tx'.
Computing hashes of 151 cells of `\message_tx'.
Finding duplicate cells in `\message_tx'.
Removed a total of 0 cells.

3.25.3. Executing OPT_MUXTREE pass (detect dead branches in mux trees).
Running muxtree optimizer on module \message_tx..
  Creating internal representation of mux trees.
  Evaluating internal representation of mux trees.
  Analyzing evaluation results.
Removed 0 multiplexer ports.
<suppressed ~54 debug messages>

3.25.4. Executing OPT_REDUCE pass (consolidate $*mux and $reduce_* inputs).
  Optimizing cells in module \message_tx.
Performed a total of 0 changes.

3.25.5. Executing OPT_MERGE pass (detect identical cells).
Finding identical cells in module `\message_tx'.
Computing hashes of 151 cells of `\message_tx'.
Finding duplicate cells in `\message_tx'.
Removed a total of 0 cells.

3.25.6. Executing OPT_DFF pass (perform DFF optimizations).
Setting constant 1-bit at position 1 on $auto$ff.cc:337:slice$859 ($dffe) from module message_tx.
Setting constant 0-bit at position 2 on $auto$ff.cc:337:slice$859 ($dffe) from module message_tx.
Setting constant 1-bit at position 3 on $auto$ff.cc:337:slice$859 ($dffe) from module message_tx.
Setting constant 0-bit at position 4 on $auto$ff.cc:337:slice$859 ($dffe) from module message_tx.
Setting constant 1-bit at position 5 on $auto$ff.cc:337:slice$859 ($dffe) from module message_tx.
Setting constant 1-bit at position 6 on $auto$ff.cc:337:slice$859 ($dffe) from module message_tx.
Setting constant 1-bit at position 7 on $auto$ff.cc:337:slice$859 ($dffe) from module message_tx.
Setting constant 0-bit at position 8 on $auto$ff.cc:337:slice$859 ($dffe) from module message_tx.
Setting constant 0-bit at position 9 on $auto$ff.cc:337:slice$859 ($dffe) from module message_tx.
Setting constant 0-bit at position 10 on $auto$ff.cc:337:slice$859 ($dffe) from module message_tx.
Setting constant 0-bit at position 11 on $auto$ff.cc:337:slice$859 ($dffe) from module message_tx.
Setting constant 0-bit at position 12 on $auto$ff.cc:337:slice$859 ($dffe) from module message_tx.

3.25.7. Executing OPT_CLEAN pass (remove unused cells and wires).
Finding unused cells or wires in module \message_tx..
Removed 0 unused cells and 1 unused wires.
<suppressed ~1 debug messages>

3.25.8. Executing OPT_EXPR pass (perform const folding).
Optimizing module message_tx.

3.25.9. Rerunning OPT passes. (Maybe there is more to do..)

3.25.10. Executing OPT_MUXTREE pass (detect dead branches in mux trees).
Running muxtree optimizer on module \message_tx..
  Creating internal representation of mux trees.
  Evaluating internal representation of mux trees.
  Analyzing evaluation results.
Removed 0 multiplexer ports.
<suppressed ~54 debug messages>

3.25.11. Executing OPT_REDUCE pass (consolidate $*mux and $reduce_* inputs).
  Optimizing cells in module \message_tx.
Performed a total of 0 changes.

3.25.12. Executing OPT_MERGE pass (detect identical cells).
Finding identical cells in module `\message_tx'.
Computing hashes of 151 cells of `\message_tx'.
Finding duplicate cells in `\message_tx'.
Removed a total of 0 cells.

3.25.13. Executing OPT_DFF pass (perform DFF optimizations).

3.25.14. Executing OPT_CLEAN pass (remove unused cells and wires).
Finding unused cells or wires in module \message_tx..

3.25.15. Executing OPT_EXPR pass (perform const folding).
Optimizing module message_tx.

3.25.16. Finished fast OPT passes. (There is nothing left to do.)

3.26. Executing MEMORY pass.

3.26.1. Executing OPT_MEM pass (optimize memories).
Performed a total of 0 transformations.

3.26.2. Executing OPT_MEM_PRIORITY pass (removing unnecessary memory write priority relations).
Performed a total of 0 transformations.

3.26.3. Executing OPT_MEM_FEEDBACK pass (finding memory read-to-write feedback paths).

3.26.4. Executing MEMORY_BMUX2ROM pass (converting muxes to ROMs).

3.26.5. Executing MEMORY_DFF pass (merging $dff cells to $memrd).

3.26.6. Executing OPT_CLEAN pass (remove unused cells and wires).
Finding unused cells or wires in module \message_tx..

3.26.7. Executing MEMORY_SHARE pass (consolidating $memrd/$memwr cells).

3.26.8. Executing OPT_MEM_WIDEN pass (optimize memories where all ports are wide).
Performed a total of 0 transformations.

3.26.9. Executing OPT_CLEAN pass (remove unused cells and wires).
Finding unused cells or wires in module \message_tx..

3.26.10. Executing MEMORY_COLLECT pass (generating $mem cells).

3.27. Executing OPT_CLEAN pass (remove unused cells and wires).
Finding unused cells or wires in module \message_tx..

3.28. Executing MEMORY_LIBMAP pass (mapping memories to cells).

3.29. Executing TECHMAP pass (map to technology primitives).

3.29.1. Executing Verilog-2005 frontend: /Users/paoloverwey/oss-cad-suite/libexec/../share/yosys/gowin/lutrams_map.v
Parsing Verilog input from `/Users/paoloverwey/oss-cad-suite/libexec/../share/yosys/gowin/lutrams_map.v' to AST representation.
Generating RTLIL representation for module `$__GOWIN_LUTRAM_'.
Successfully finished Verilog frontend.

3.29.2. Executing Verilog-2005 frontend: /Users/paoloverwey/oss-cad-suite/libexec/../share/yosys/gowin/brams_map.v
Parsing Verilog input from `/Users/paoloverwey/oss-cad-suite/libexec/../share/yosys/gowin/brams_map.v' to AST representation.
Generating RTLIL representation for module `$__GOWIN_SP_'.
Generating RTLIL representation for module `$__GOWIN_DP_'.
Generating RTLIL representation for module `$__GOWIN_SDP_'.
Successfully finished Verilog frontend.

3.29.3. Continuing TECHMAP pass.
No more expansions possible.
<suppressed ~6 debug messages>

3.30. Executing OPT pass (performing simple optimizations).

3.30.1. Executing OPT_EXPR pass (perform const folding).
Optimizing module message_tx.
<suppressed ~38 debug messages>

3.30.2. Executing OPT_MERGE pass (detect identical cells).
Finding identical cells in module `\message_tx'.
Computing hashes of 130 cells of `\message_tx'.
Finding duplicate cells in `\message_tx'.
Computing hashes of 127 cells of `\message_tx'.
Finding duplicate cells in `\message_tx'.
<suppressed ~9 debug messages>
Removed a total of 3 cells.

3.30.3. Executing OPT_DFF pass (perform DFF optimizations).
Adding SRST signal on $auto$ff.cc:337:slice$865 ($dffe) from module message_tx (D = $flatten\uart_tx_inst.$procmux$678_Y, Q = \uart_tx_inst.txBitNumber, rval = 3'000).
Adding SRST signal on $auto$ff.cc:337:slice$886 ($dffe) from module message_tx (D = $auto$wreduce.cc:514:run$919 [12:0], Q = \uart_tx_inst.txCounter, rval = 13'0000000000000).

3.30.4. Executing OPT_CLEAN pass (remove unused cells and wires).
Finding unused cells or wires in module \message_tx..
Removed 3 unused cells and 36 unused wires.
<suppressed ~4 debug messages>

3.30.5. Rerunning OPT passes. (Removed registers in this run.)

3.30.6. Executing OPT_EXPR pass (perform const folding).
Optimizing module message_tx.
<suppressed ~2 debug messages>

3.30.7. Executing OPT_MERGE pass (detect identical cells).
Finding identical cells in module `\message_tx'.
Computing hashes of 123 cells of `\message_tx'.
Finding duplicate cells in `\message_tx'.
Removed a total of 0 cells.

3.30.8. Executing OPT_DFF pass (perform DFF optimizations).

3.30.9. Executing OPT_CLEAN pass (remove unused cells and wires).
Finding unused cells or wires in module \message_tx..
Removed 0 unused cells and 2 unused wires.
<suppressed ~1 debug messages>

3.30.10. Finished fast OPT passes.

3.31. Executing MEMORY_MAP pass (converting memories to logic and flip-flops).

3.32. Executing OPT pass (performing simple optimizations).

3.32.1. Executing OPT_EXPR pass (perform const folding).
Optimizing module message_tx.

3.32.2. Executing OPT_MERGE pass (detect identical cells).
Finding identical cells in module `\message_tx'.
Computing hashes of 123 cells of `\message_tx'.
Finding duplicate cells in `\message_tx'.
Removed a total of 0 cells.

3.32.3. Executing OPT_MUXTREE pass (detect dead branches in mux trees).
Running muxtree optimizer on module \message_tx..
  Creating internal representation of mux trees.
  Evaluating internal representation of mux trees.
  Analyzing evaluation results.
Removed 0 multiplexer ports.
<suppressed ~17 debug messages>

3.32.4. Executing OPT_REDUCE pass (consolidate $*mux and $reduce_* inputs).
  Optimizing cells in module \message_tx.
    Consolidated identical input bits for $mux cell $flatten\uart_tx_inst.$procmux$645:
      Old ports: A={ $auto$wreduce.cc:514:run$920 [3] $auto$alumacc.cc:448:extract_cmp_alu$924 [2:0] }, B={ $auto$wreduce.cc:514:run$922 [3] $auto$alumacc.cc:448:extract_cmp_alu$924 [2:0] }, Y=$flatten\uart_tx_inst.$procmux$645_Y
      New ports: A=$auto$wreduce.cc:514:run$920 [3], B=$auto$wreduce.cc:514:run$922 [3], Y=$flatten\uart_tx_inst.$procmux$645_Y [3]
      New connections: $flatten\uart_tx_inst.$procmux$645_Y [2:0] = $auto$alumacc.cc:448:extract_cmp_alu$924 [2:0]
    Consolidated identical input bits for $pmux cell $flatten\uart_tx_inst.$procmux$728:
      Old ports: A=4'0001, B=16'0010001101000000, Y=$flatten\uart_tx_inst.$0\txState[3:0]
      New ports: A=3'001, B=12'010011100000, Y=$flatten\uart_tx_inst.$0\txState[3:0] [2:0]
      New connections: $flatten\uart_tx_inst.$0\txState[3:0] [3] = 1'0
    Consolidated identical input bits for $pmux cell $procmux$474:
      Old ports: A=4'0001, B=28'0010001101000101011001110000, Y=$0\mtxState[3:0]
      New ports: A=3'001, B=21'010011100101110111000, Y=$0\mtxState[3:0] [2:0]
      New connections: $0\mtxState[3:0] [3] = 1'0
  Optimizing cells in module \message_tx.
Performed a total of 3 changes.

3.32.5. Executing OPT_MERGE pass (detect identical cells).
Finding identical cells in module `\message_tx'.
Computing hashes of 123 cells of `\message_tx'.
Finding duplicate cells in `\message_tx'.
Removed a total of 0 cells.

3.32.6. Executing OPT_DFF pass (perform DFF optimizations).

3.32.7. Executing OPT_CLEAN pass (remove unused cells and wires).
Finding unused cells or wires in module \message_tx..

3.32.8. Executing OPT_EXPR pass (perform const folding).
Optimizing module message_tx.

3.32.9. Rerunning OPT passes. (Maybe there is more to do..)

3.32.10. Executing OPT_MUXTREE pass (detect dead branches in mux trees).
Running muxtree optimizer on module \message_tx..
  Creating internal representation of mux trees.
  Evaluating internal representation of mux trees.
  Analyzing evaluation results.
Removed 0 multiplexer ports.
<suppressed ~17 debug messages>

3.32.11. Executing OPT_REDUCE pass (consolidate $*mux and $reduce_* inputs).
  Optimizing cells in module \message_tx.
Performed a total of 0 changes.

3.32.12. Executing OPT_MERGE pass (detect identical cells).
Finding identical cells in module `\message_tx'.
Computing hashes of 123 cells of `\message_tx'.
Finding duplicate cells in `\message_tx'.
Removed a total of 0 cells.

3.32.13. Executing OPT_DFF pass (perform DFF optimizations).
Setting constant 0-bit at position 3 on $auto$ff.cc:337:slice$832 ($dffe) from module message_tx.
Setting constant 0-bit at position 3 on $auto$ff.cc:337:slice$893 ($dffe) from module message_tx.

3.32.14. Executing OPT_CLEAN pass (remove unused cells and wires).
Finding unused cells or wires in module \message_tx..

3.32.15. Executing OPT_EXPR pass (perform const folding).
Optimizing module message_tx.
<suppressed ~3 debug messages>

3.32.16. Rerunning OPT passes. (Maybe there is more to do..)

3.32.17. Executing OPT_MUXTREE pass (detect dead branches in mux trees).
Running muxtree optimizer on module \message_tx..
  Creating internal representation of mux trees.
  Evaluating internal representation of mux trees.
  Analyzing evaluation results.
Removed 0 multiplexer ports.
<suppressed ~17 debug messages>

3.32.18. Executing OPT_REDUCE pass (consolidate $*mux and $reduce_* inputs).
  Optimizing cells in module \message_tx.
Performed a total of 0 changes.

3.32.19. Executing OPT_MERGE pass (detect identical cells).
Finding identical cells in module `\message_tx'.
Computing hashes of 123 cells of `\message_tx'.
Finding duplicate cells in `\message_tx'.
Removed a total of 0 cells.

3.32.20. Executing OPT_DFF pass (perform DFF optimizations).

3.32.21. Executing OPT_CLEAN pass (remove unused cells and wires).
Finding unused cells or wires in module \message_tx..

3.32.22. Executing OPT_EXPR pass (perform const folding).
Optimizing module message_tx.

3.32.23. Finished fast OPT passes. (There is nothing left to do.)

3.33. Executing TECHMAP pass (map to technology primitives).

3.33.1. Executing Verilog-2005 frontend: /Users/paoloverwey/oss-cad-suite/libexec/../share/yosys/techmap.v
Parsing Verilog input from `/Users/paoloverwey/oss-cad-suite/libexec/../share/yosys/techmap.v' to AST representation.
Generating RTLIL representation for module `\_90_simplemap_bool_ops'.
Generating RTLIL representation for module `\_90_simplemap_reduce_ops'.
Generating RTLIL representation for module `\_90_simplemap_logic_ops'.
Generating RTLIL representation for module `\_90_simplemap_compare_ops'.
Generating RTLIL representation for module `\_90_simplemap_various'.
Generating RTLIL representation for module `\_90_simplemap_registers'.
Generating RTLIL representation for module `\_90_shift_ops_shr_shl_sshl_sshr'.
Generating RTLIL representation for module `\_90_shift_shiftx'.
Generating RTLIL representation for module `\_90_fa'.
Generating RTLIL representation for module `\_90_lcu_brent_kung'.
Generating RTLIL representation for module `\_90_alu'.
Generating RTLIL representation for module `\_90_macc'.
Generating RTLIL representation for module `\_90_alumacc'.
Generating RTLIL representation for module `$__div_mod_u'.
Generating RTLIL representation for module `$__div_mod_trunc'.
Generating RTLIL representation for module `\_90_div'.
Generating RTLIL representation for module `\_90_mod'.
Generating RTLIL representation for module `$__div_mod_floor'.
Generating RTLIL representation for module `\_90_divfloor'.
Generating RTLIL representation for module `\_90_modfloor'.
Generating RTLIL representation for module `\_90_pow'.
Generating RTLIL representation for module `\_90_demux'.
Generating RTLIL representation for module `\_90_lut'.
Generating RTLIL representation for module `$connect'.
Generating RTLIL representation for module `$input_port'.
Successfully finished Verilog frontend.

3.33.2. Executing Verilog-2005 frontend: /Users/paoloverwey/oss-cad-suite/libexec/../share/yosys/gowin/arith_map.v
Parsing Verilog input from `/Users/paoloverwey/oss-cad-suite/libexec/../share/yosys/gowin/arith_map.v' to AST representation.
Generating RTLIL representation for module `\_80_gw1n_alu'.
Successfully finished Verilog frontend.

3.33.3. Continuing TECHMAP pass.
Using extmapper simplemap for cells of type $dffe.
Using extmapper simplemap for cells of type $reduce_or.
Using extmapper simplemap for cells of type $sdffce.
Using extmapper simplemap for cells of type $not.
Using template $paramod$fc972a7a46956c1788f3cb5257b53c8f1df2d0cc\_90_alu for cells of type $alu.
Using template $paramod$3ef7d3dd227da7627a99c5e5a6a4deb817573e39\_80_gw1n_alu for cells of type $alu.
Using template $paramod$106402fc14ba87a4d8643cf9e9a3de5e7eff24e1\_80_gw1n_alu for cells of type $alu.
Using template $paramod$0ae6dcbc606d0267ec97d3ccf20343286af3366c\_80_gw1n_alu for cells of type $alu.
Using extmapper simplemap for cells of type $or.
Using extmapper simplemap for cells of type $reduce_and.
Using template $paramod$ba698a254f9a5947e85cbe7beae6b161eefc5386\_90_alu for cells of type $alu.
Using extmapper simplemap for cells of type $reduce_bool.
Using extmapper simplemap for cells of type $ne.
Using extmapper simplemap for cells of type $sdffe.
Using extmapper simplemap for cells of type $xor.
Using extmapper simplemap for cells of type $logic_not.
Using extmapper simplemap for cells of type $and.
Using extmapper simplemap for cells of type $logic_and.
Using extmapper simplemap for cells of type $mux.
Using extmapper simplemap for cells of type $pmux.
Using extmapper simplemap for cells of type $eq.
Using extmapper simplemap for cells of type $dff.
Using extmapper simplemap for cells of type $reduce_xor.
Using template $paramod$constmap:8876c1e1fa289f4793438d4e34d232728e6a9746$paramod$92adee9538f2381d8e5006822c900eb986d754e8\_90_shift_shiftx for cells of type $shiftx.
Using extmapper simplemap for cells of type $pos.
Using template $paramod\_90_fa\WIDTH=32'00000000000000000000000000000001 for cells of type $fa.
Using template $paramod\_90_lcu_brent_kung\WIDTH=32'00000000000000000000000000000001 for cells of type $lcu.
Using template $paramod\_90_fa\WIDTH=32'00000000000000000000000000000010 for cells of type $fa.
Using template $paramod\_90_lcu_brent_kung\WIDTH=32'00000000000000000000000000000010 for cells of type $lcu.
No more expansions possible.
<suppressed ~814 debug messages>

3.34. Executing OPT pass (performing simple optimizations).

3.34.1. Executing OPT_EXPR pass (perform const folding).
Optimizing module message_tx.
<suppressed ~268 debug messages>

3.34.2. Executing OPT_MERGE pass (detect identical cells).
Finding identical cells in module `\message_tx'.
Computing hashes of 587 cells of `\message_tx'.
Finding duplicate cells in `\message_tx'.
Computing hashes of 553 cells of `\message_tx'.
Finding duplicate cells in `\message_tx'.
Computing hashes of 544 cells of `\message_tx'.
Finding duplicate cells in `\message_tx'.
<suppressed ~129 debug messages>
Removed a total of 43 cells.

3.34.3. Executing OPT_DFF pass (perform DFF optimizations).
Adding SRST signal on $auto$ff.cc:337:slice$1252 ($_DFFE_PP_) from module message_tx (D = $auto$simplemap.cc:189:logic_reduce$1824, Q = \mtxState [2], rval = 1'0).
Adding SRST signal on $auto$ff.cc:337:slice$1630 ($_DFFE_PP_) from module message_tx (D = $auto$simplemap.cc:189:logic_reduce$2006, Q = \txByteData [7], rval = 1'1).
Adding SRST signal on $auto$ff.cc:337:slice$1407 ($_DFFE_PP_) from module message_tx (D = $auto$simplemap.cc:189:logic_reduce$2171, Q = \uart_tx_inst.txPinRegister, rval = 1'1).
Adding SRST signal on $auto$ff.cc:337:slice$1249 ($_DFFE_PP_) from module message_tx (D = $auto$simplemap.cc:189:logic_reduce$2147, Q = \uart_tx_inst.txState [2], rval = 1'0).
Adding SRST signal on $auto$ff.cc:337:slice$1247 ($_DFFE_PP_) from module message_tx (D = $auto$simplemap.cc:189:logic_reduce$2119, Q = \uart_tx_inst.txState [0], rval = 1'1).
Adding SRST signal on $auto$ff.cc:337:slice$1248 ($_DFFE_PP_) from module message_tx (D = $auto$simplemap.cc:189:logic_reduce$2133, Q = \uart_tx_inst.txState [1], rval = 1'0).
Adding SRST signal on $auto$ff.cc:337:slice$1250 ($_DFFE_PP_) from module message_tx (D = $auto$simplemap.cc:189:logic_reduce$1776, Q = \mtxState [0], rval = 1'1).
Adding SRST signal on $auto$ff.cc:337:slice$1251 ($_DFFE_PP_) from module message_tx (D = $auto$simplemap.cc:189:logic_reduce$1800, Q = \mtxState [1], rval = 1'0).
Adding SRST signal on $auto$ff.cc:337:slice$1623 ($_DFFE_PP_) from module message_tx (D = $auto$simplemap.cc:189:logic_reduce$1859, Q = \txByteData [0], rval = 1'0).
Adding SRST signal on $auto$ff.cc:337:slice$1624 ($_DFFE_PP_) from module message_tx (D = $auto$simplemap.cc:189:logic_reduce$1880, Q = \txByteData [1], rval = 1'1).
Adding SRST signal on $auto$ff.cc:337:slice$1625 ($_DFFE_PP_) from module message_tx (D = $auto$simplemap.cc:189:logic_reduce$1901, Q = \txByteData [2], rval = 1'0).
Adding SRST signal on $auto$ff.cc:337:slice$1626 ($_DFFE_PP_) from module message_tx (D = $auto$simplemap.cc:189:logic_reduce$1922, Q = \txByteData [3], rval = 1'1).
Adding SRST signal on $auto$ff.cc:337:slice$1627 ($_DFFE_PP_) from module message_tx (D = $auto$simplemap.cc:189:logic_reduce$1943, Q = \txByteData [4], rval = 1'0).
Adding SRST signal on $auto$ff.cc:337:slice$1628 ($_DFFE_PP_) from module message_tx (D = $auto$simplemap.cc:189:logic_reduce$1964, Q = \txByteData [5], rval = 1'1).
Adding SRST signal on $auto$ff.cc:337:slice$1629 ($_DFFE_PP_) from module message_tx (D = $auto$simplemap.cc:189:logic_reduce$1985, Q = \txByteData [6], rval = 1'0).

3.34.4. Executing OPT_CLEAN pass (remove unused cells and wires).
Finding unused cells or wires in module \message_tx..
Removed 36 unused cells and 389 unused wires.
<suppressed ~37 debug messages>

3.34.5. Rerunning OPT passes. (Removed registers in this run.)

3.34.6. Executing OPT_EXPR pass (perform const folding).
Optimizing module message_tx.

3.34.7. Executing OPT_MERGE pass (detect identical cells).
Finding identical cells in module `\message_tx'.
Computing hashes of 508 cells of `\message_tx'.
Finding duplicate cells in `\message_tx'.
Removed a total of 0 cells.

3.34.8. Executing OPT_DFF pass (perform DFF optimizations).

3.34.9. Executing OPT_CLEAN pass (remove unused cells and wires).
Finding unused cells or wires in module \message_tx..

3.34.10. Finished fast OPT passes.

3.35. Executing IOPADMAP pass (mapping inputs/outputs to IO-PAD cells).
Mapping port message_tx.sendWhileBusyError using OBUF.
Mapping port message_tx.txBusy using OBUF.
Mapping port message_tx.messageSent using OBUF.
Mapping port message_tx.quantityIn using IBUF.
Mapping port message_tx.priceIn using IBUF.
Mapping port message_tx.outcomeIn using IBUF.
Mapping port message_tx.orderIDIn using IBUF.
Mapping port message_tx.msgTypeIn using IBUF.
Mapping port message_tx.sendMessageValid using IBUF.
Mapping port message_tx.uart_tx_line using OBUF.
Mapping port message_tx.clk using IBUF.

3.36. Executing OPT_CLEAN pass (remove unused cells and wires).
Finding unused cells or wires in module \message_tx..
Removed 0 unused cells and 2 unused wires.
<suppressed ~1 debug messages>

3.37. Executing DFFLEGALIZE pass (convert FFs to types supported by the target).

3.38. Executing TECHMAP pass (map to technology primitives).

3.38.1. Executing Verilog-2005 frontend: /Users/paoloverwey/oss-cad-suite/libexec/../share/yosys/gowin/cells_map.v
Parsing Verilog input from `/Users/paoloverwey/oss-cad-suite/libexec/../share/yosys/gowin/cells_map.v' to AST representation.
Generating RTLIL representation for module `$_DFF_N_'.
Generating RTLIL representation for module `$_DFF_P_'.
Generating RTLIL representation for module `$_DFFE_PP_'.
Generating RTLIL representation for module `$_DFFE_NP_'.
Generating RTLIL representation for module `$_SDFF_PP0_'.
Generating RTLIL representation for module `$_SDFF_NP0_'.
Generating RTLIL representation for module `$_SDFFE_PP0P_'.
Generating RTLIL representation for module `$_SDFFE_NP0P_'.
Generating RTLIL representation for module `$_SDFF_PP1_'.
Generating RTLIL representation for module `$_SDFF_NP1_'.
Generating RTLIL representation for module `$_SDFFE_PP1P_'.
Generating RTLIL representation for module `$_SDFFE_NP1P_'.
Generating RTLIL representation for module `$_DFF_PP1_'.
Generating RTLIL representation for module `$_DFF_NP1_'.
Generating RTLIL representation for module `$_DFF_PP0_'.
Generating RTLIL representation for module `$_DFF_NP0_'.
Generating RTLIL representation for module `$_DFFE_PP1P_'.
Generating RTLIL representation for module `$_DFFE_NP1P_'.
Generating RTLIL representation for module `$_DFFE_PP0P_'.
Generating RTLIL representation for module `$_DFFE_NP0P_'.
Generating RTLIL representation for module `$lut'.
Successfully finished Verilog frontend.

3.38.2. Continuing TECHMAP pass.
Using template $_SDFFE_PP0P_ for cells of type $_SDFFE_PP0P_.
Using template $_DFFE_PP_ for cells of type $_DFFE_PP_.
Using template $_SDFFE_PP1P_ for cells of type $_SDFFE_PP1P_.
Using template $_DFF_P_ for cells of type $_DFF_P_.
No more expansions possible.
<suppressed ~140 debug messages>

3.39. Executing TECHMAP pass (map to technology primitives).

3.39.1. Executing Verilog-2005 frontend: /Users/paoloverwey/oss-cad-suite/libexec/../share/yosys/gowin/cells_latch.v
Parsing Verilog input from `/Users/paoloverwey/oss-cad-suite/libexec/../share/yosys/gowin/cells_latch.v' to AST representation.
Generating RTLIL representation for module `$_DLATCH_P_'.
Generating RTLIL representation for module `$_DLATCH_N_'.
Generating RTLIL representation for module `$_DLATCH_PP0_'.
Generating RTLIL representation for module `$_DLATCH_NP0_'.
Generating RTLIL representation for module `$_DLATCH_PP1_'.
Generating RTLIL representation for module `$_DLATCH_NP1_'.
Successfully finished Verilog frontend.

3.39.2. Continuing TECHMAP pass.
No more expansions possible.
<suppressed ~8 debug messages>

3.40. Executing OPT_EXPR pass (perform const folding).
Optimizing module message_tx.

3.41. Executing SIMPLEMAP pass (map simple cells to gate primitives).

3.42. Executing SORT pass.

3.43. Executing Verilog-2005 frontend: /Users/paoloverwey/oss-cad-suite/libexec/../share/yosys/abc9_model.v
Parsing Verilog input from `/Users/paoloverwey/oss-cad-suite/libexec/../share/yosys/abc9_model.v' to AST representation.
Generating RTLIL representation for module `$__ABC9_DELAY'.
Generating RTLIL representation for module `$__ABC9_SCC_BREAKER'.
Generating RTLIL representation for module `$__DFF_N__$abc9_flop'.
Generating RTLIL representation for module `$__DFF_P__$abc9_flop'.
Successfully finished Verilog frontend.

3.44. Executing ABC9 pass.

3.44.1. Executing ABC9_OPS pass (helper functions for ABC9).

3.44.2. Executing ABC9_OPS pass (helper functions for ABC9).

3.44.3. Executing PROC pass (convert processes to netlists).

3.44.3.1. Executing PROC_CLEAN pass (remove empty switches from decision trees).
Found and cleaned up 1 empty switch in `$paramod\ALU\ALU_MODE=s32'00000000000000000000000000000010.$proc$/Users/paoloverwey/oss-cad-suite/libexec/../share/yosys/gowin/cells_sim.v:1064$2802'.
Cleaned up 1 empty switch.

3.44.3.2. Executing PROC_RMDEAD pass (remove dead branches from decision trees).
Removed a total of 0 dead cases.

3.44.3.3. Executing PROC_PRUNE pass (remove redundant assignments in processes).
Removed 0 redundant assignments.
Promoted 4 assignments to connections.

3.44.3.4. Executing PROC_INIT pass (extract init attributes).

3.44.3.5. Executing PROC_ARST pass (detect async resets in processes).

3.44.3.6. Executing PROC_ROM pass (convert switches to ROMs).
Converted 0 switches.

3.44.3.7. Executing PROC_MUX pass (convert decision trees to multiplexers).
Creating decoders for process `$paramod\ALU\ALU_MODE=s32'00000000000000000000000000000010.$proc$/Users/paoloverwey/oss-cad-suite/libexec/../share/yosys/gowin/cells_sim.v:1064$2802'.

3.44.3.8. Executing PROC_DLATCH pass (convert process syncs to latches).
No latch inferred for signal `$paramod\ALU\ALU_MODE=s32'00000000000000000000000000000010.\C' from process `$paramod\ALU\ALU_MODE=s32'00000000000000000000000000000010.$proc$/Users/paoloverwey/oss-cad-suite/libexec/../share/yosys/gowin/cells_sim.v:1064$2802'.
No latch inferred for signal `$paramod\ALU\ALU_MODE=s32'00000000000000000000000000000010.\S' from process `$paramod\ALU\ALU_MODE=s32'00000000000000000000000000000010.$proc$/Users/paoloverwey/oss-cad-suite/libexec/../share/yosys/gowin/cells_sim.v:1064$2802'.

3.44.3.9. Executing PROC_DFF pass (convert process syncs to FFs).

3.44.3.10. Executing PROC_MEMWR pass (convert process memory writes to cells).

3.44.3.11. Executing PROC_CLEAN pass (remove empty switches from decision trees).
Removing empty process `$paramod\ALU\ALU_MODE=s32'00000000000000000000000000000010.$proc$/Users/paoloverwey/oss-cad-suite/libexec/../share/yosys/gowin/cells_sim.v:1064$2802'.
Cleaned up 0 empty switches.

3.44.4. Executing SCC pass (detecting logic loops).
Found 0 SCCs in module message_tx.
Found 0 SCCs.

3.44.5. Executing ABC9_OPS pass (helper functions for ABC9).

3.44.6. Executing TECHMAP pass (map to technology primitives).

3.44.6.1. Executing Verilog-2005 frontend: /Users/paoloverwey/oss-cad-suite/libexec/../share/yosys/techmap.v
Parsing Verilog input from `/Users/paoloverwey/oss-cad-suite/libexec/../share/yosys/techmap.v' to AST representation.
Generating RTLIL representation for module `\_90_simplemap_bool_ops'.
Generating RTLIL representation for module `\_90_simplemap_reduce_ops'.
Generating RTLIL representation for module `\_90_simplemap_logic_ops'.
Generating RTLIL representation for module `\_90_simplemap_compare_ops'.
Generating RTLIL representation for module `\_90_simplemap_various'.
Generating RTLIL representation for module `\_90_simplemap_registers'.
Generating RTLIL representation for module `\_90_shift_ops_shr_shl_sshl_sshr'.
Generating RTLIL representation for module `\_90_shift_shiftx'.
Generating RTLIL representation for module `\_90_fa'.
Generating RTLIL representation for module `\_90_lcu_brent_kung'.
Generating RTLIL representation for module `\_90_alu'.
Generating RTLIL representation for module `\_90_macc'.
Generating RTLIL representation for module `\_90_alumacc'.
Generating RTLIL representation for module `$__div_mod_u'.
Generating RTLIL representation for module `$__div_mod_trunc'.
Generating RTLIL representation for module `\_90_div'.
Generating RTLIL representation for module `\_90_mod'.
Generating RTLIL representation for module `$__div_mod_floor'.
Generating RTLIL representation for module `\_90_divfloor'.
Generating RTLIL representation for module `\_90_modfloor'.
Generating RTLIL representation for module `\_90_pow'.
Generating RTLIL representation for module `\_90_demux'.
Generating RTLIL representation for module `\_90_lut'.
Generating RTLIL representation for module `$connect'.
Generating RTLIL representation for module `$input_port'.
Successfully finished Verilog frontend.

3.44.6.2. Continuing TECHMAP pass.
No more expansions possible.
<suppressed ~230 debug messages>

3.44.7. Executing OPT pass (performing simple optimizations).

3.44.7.1. Executing OPT_EXPR pass (perform const folding).

3.44.7.2. Executing OPT_MERGE pass (detect identical cells).
Removed a total of 0 cells.

3.44.7.3. Executing OPT_MUXTREE pass (detect dead branches in mux trees).
Removed 0 multiplexer ports.

3.44.7.4. Executing OPT_REDUCE pass (consolidate $*mux and $reduce_* inputs).
Performed a total of 0 changes.

3.44.7.5. Executing OPT_MERGE pass (detect identical cells).
Removed a total of 0 cells.

3.44.7.6. Executing OPT_DFF pass (perform DFF optimizations).

3.44.7.7. Executing OPT_CLEAN pass (remove unused cells and wires).

3.44.7.8. Executing OPT_EXPR pass (perform const folding).

3.44.7.9. Finished fast OPT passes. (There is nothing left to do.)

3.44.8. Executing TECHMAP pass (map to technology primitives).

3.44.8.1. Executing Verilog-2005 frontend: /Users/paoloverwey/oss-cad-suite/libexec/../share/yosys/abc9_map.v
Parsing Verilog input from `/Users/paoloverwey/oss-cad-suite/libexec/../share/yosys/abc9_map.v' to AST representation.
Successfully finished Verilog frontend.

3.44.8.2. Continuing TECHMAP pass.
No more expansions possible.
<suppressed ~2 debug messages>

3.44.9. Executing Verilog-2005 frontend: /Users/paoloverwey/oss-cad-suite/libexec/../share/yosys/abc9_model.v
Parsing Verilog input from `/Users/paoloverwey/oss-cad-suite/libexec/../share/yosys/abc9_model.v' to AST representation.
Replacing existing blackbox module `$__ABC9_DELAY' at /Users/paoloverwey/oss-cad-suite/libexec/../share/yosys/abc9_model.v:2.1-7.10.
Generating RTLIL representation for module `$__ABC9_DELAY'.
Replacing existing blackbox module `$__ABC9_SCC_BREAKER' at /Users/paoloverwey/oss-cad-suite/libexec/../share/yosys/abc9_model.v:9.1-11.10.
Generating RTLIL representation for module `$__ABC9_SCC_BREAKER'.
Replacing existing module `$__DFF_N__$abc9_flop' at /Users/paoloverwey/oss-cad-suite/libexec/../share/yosys/abc9_model.v:14.1-20.10.
Generating RTLIL representation for module `$__DFF_N__$abc9_flop'.
Replacing existing module `$__DFF_P__$abc9_flop' at /Users/paoloverwey/oss-cad-suite/libexec/../share/yosys/abc9_model.v:23.1-29.10.
Generating RTLIL representation for module `$__DFF_P__$abc9_flop'.
Successfully finished Verilog frontend.

3.44.10. Executing ABC9_OPS pass (helper functions for ABC9).
<suppressed ~260 debug messages>

3.44.11. Executing ABC9_OPS pass (helper functions for ABC9).

3.44.12. Executing ABC9_OPS pass (helper functions for ABC9).
<suppressed ~2 debug messages>

3.44.13. Executing TECHMAP pass (map to technology primitives).

3.44.13.1. Executing Verilog-2005 frontend: /Users/paoloverwey/oss-cad-suite/libexec/../share/yosys/techmap.v
Parsing Verilog input from `/Users/paoloverwey/oss-cad-suite/libexec/../share/yosys/techmap.v' to AST representation.
Generating RTLIL representation for module `\_90_simplemap_bool_ops'.
Generating RTLIL representation for module `\_90_simplemap_reduce_ops'.
Generating RTLIL representation for module `\_90_simplemap_logic_ops'.
Generating RTLIL representation for module `\_90_simplemap_compare_ops'.
Generating RTLIL representation for module `\_90_simplemap_various'.
Generating RTLIL representation for module `\_90_simplemap_registers'.
Generating RTLIL representation for module `\_90_shift_ops_shr_shl_sshl_sshr'.
Generating RTLIL representation for module `\_90_shift_shiftx'.
Generating RTLIL representation for module `\_90_fa'.
Generating RTLIL representation for module `\_90_lcu_brent_kung'.
Generating RTLIL representation for module `\_90_alu'.
Generating RTLIL representation for module `\_90_macc'.
Generating RTLIL representation for module `\_90_alumacc'.
Generating RTLIL representation for module `$__div_mod_u'.
Generating RTLIL representation for module `$__div_mod_trunc'.
Generating RTLIL representation for module `\_90_div'.
Generating RTLIL representation for module `\_90_mod'.
Generating RTLIL representation for module `$__div_mod_floor'.
Generating RTLIL representation for module `\_90_divfloor'.
Generating RTLIL representation for module `\_90_modfloor'.
Generating RTLIL representation for module `\_90_pow'.
Generating RTLIL representation for module `\_90_demux'.
Generating RTLIL representation for module `\_90_lut'.
Generating RTLIL representation for module `$connect'.
Generating RTLIL representation for module `$input_port'.
Successfully finished Verilog frontend.

3.44.13.2. Continuing TECHMAP pass.
Using template $paramod\ALU\ALU_MODE=s32'00000000000000000000000000000010 for cells of type $paramod\ALU\ALU_MODE=s32'00000000000000000000000000000010.
Using extmapper simplemap for cells of type $mux.
Using extmapper simplemap for cells of type $xor.
Using extmapper simplemap for cells of type $not.
No more expansions possible.
<suppressed ~239 debug messages>

3.44.14. Executing OPT pass (performing simple optimizations).

3.44.14.1. Executing OPT_EXPR pass (perform const folding).
Optimizing module message_tx.

3.44.14.2. Executing OPT_MERGE pass (detect identical cells).
Finding identical cells in module `\message_tx'.
Computing hashes of 14 cells of `\message_tx'.
Finding duplicate cells in `\message_tx'.
Removed a total of 0 cells.

3.44.14.3. Executing OPT_MUXTREE pass (detect dead branches in mux trees).
Running muxtree optimizer on module \message_tx..
  Creating internal representation of mux trees.
  No muxes found in this module.
Removed 0 multiplexer ports.

3.44.14.4. Executing OPT_REDUCE pass (consolidate $*mux and $reduce_* inputs).
  Optimizing cells in module \message_tx.
Performed a total of 0 changes.

3.44.14.5. Executing OPT_MERGE pass (detect identical cells).
Finding identical cells in module `\message_tx'.
Computing hashes of 14 cells of `\message_tx'.
Finding duplicate cells in `\message_tx'.
Removed a total of 0 cells.

3.44.14.6. Executing OPT_DFF pass (perform DFF optimizations).

3.44.14.7. Executing OPT_CLEAN pass (remove unused cells and wires).
Finding unused cells or wires in module \message_tx..
Removed 0 unused cells and 16 unused wires.
<suppressed ~1 debug messages>

3.44.14.8. Executing OPT_EXPR pass (perform const folding).
Optimizing module message_tx.

3.44.14.9. Rerunning OPT passes. (Maybe there is more to do..)

3.44.14.10. Executing OPT_MUXTREE pass (detect dead branches in mux trees).
Running muxtree optimizer on module \message_tx..
  Creating internal representation of mux trees.
  No muxes found in this module.
Removed 0 multiplexer ports.

3.44.14.11. Executing OPT_REDUCE pass (consolidate $*mux and $reduce_* inputs).
  Optimizing cells in module \message_tx.
Performed a total of 0 changes.

3.44.14.12. Executing OPT_MERGE pass (detect identical cells).
Finding identical cells in module `\message_tx'.
Computing hashes of 14 cells of `\message_tx'.
Finding duplicate cells in `\message_tx'.
Removed a total of 0 cells.

3.44.14.13. Executing OPT_DFF pass (perform DFF optimizations).

3.44.14.14. Executing OPT_CLEAN pass (remove unused cells and wires).
Finding unused cells or wires in module \message_tx..

3.44.14.15. Executing OPT_EXPR pass (perform const folding).
Optimizing module message_tx.

3.44.14.16. Finished fast OPT passes. (There is nothing left to do.)

3.44.15. Executing AIGMAP pass (map logic to AIG).
Module message_tx: replaced 5 cells with 35 new cells, skipped 9 cells.
  replaced 2 cell types:
       2 $_MUX_
       3 $_XOR_
  not replaced 2 cell types:
       1 $_NOT_
       8 $specify2

3.44.16. Executing AIGMAP pass (map logic to AIG).
Module message_tx: replaced 251 cells with 1298 new cells, skipped 629 cells.
  replaced 4 cell types:
      38 $_MUX_
      12 $_ORNOT_
     137 $_OR_
      64 $_XOR_
  not replaced 12 cell types:
     103 $_AND_
      58 $_NOT_
       1 $scopeinfo
       3 DFF
      66 IBUF
      22 $paramod\ALU\ALU_MODE=s32'00000000000000000000000000000010
      87 DFFE
       1 DFFSE
      26 DFFRE
       4 OBUF
     117 $paramod$__ABC9_DELAY\DELAY=32'00000000000000000000001001000000
     141 $paramod$__ABC9_DELAY\DELAY=32'00000000000000000000000000111111

3.44.16.1. Executing ABC9_OPS pass (helper functions for ABC9).

3.44.16.2. Executing ABC9_OPS pass (helper functions for ABC9).

3.44.16.3. Executing XAIGER backend.
<suppressed ~128 debug messages>
Extracted 558 AND gates and 2045 wires from module `message_tx' to a netlist network with 253 inputs and 267 outputs.

3.44.16.4. Executing ABC9_EXE pass (technology mapping using ABC9).

3.44.16.5. Executing ABC9.
Running ABC command: "<yosys-exe-dir>/yosys-abc" -s -f <abc-temp-dir>/abc.script 2>&1
ABC: ======== ABC command line "source <abc-temp-dir>/abc.script"
ABC: + read_lut <abc-temp-dir>/input.lut 
ABC: + read_box <abc-temp-dir>/input.box 
ABC: + &read <abc-temp-dir>/input.xaig 
ABC: + &ps 
ABC: <abc-temp-dir>/input : i/o =    253/    267  and =     532  lev =   20 (1.49)  mem = 0.03 MB  box = 280  bb = 258
ABC: + &scorr 
ABC: Warning: The network is combinational.
ABC: + &sweep 
ABC: + &dc2 
ABC: + &dch -f -r 
ABC: + &ps 
ABC: <abc-temp-dir>/input : i/o =    253/    267  and =     905  lev =   15 (1.08)  mem = 0.03 MB  ch =  118  box = 280  bb = 258
ABC: cst =       0  cls =     97  lit =     118  unused =    1245  proof =     0
ABC: + &if -W 500 -v 
ABC: K = 8. Memory (bytes): Truth =    0. Cut =   80. Obj =  160. Set =  816. CutMin = no
ABC: Node =     905.  Ch =    97.  Total mem =    0.35 MB. Peak cut mem =    0.02 MB.
ABC: P:  Del = 7989.00.  Ar =     563.0.  Edge =      499.  Cut =    11595.  T =     0.00 sec
ABC: P:  Del = 7989.00.  Ar =     588.0.  Edge =      492.  Cut =    11454.  T =     0.00 sec
ABC: P:  Del = 7989.00.  Ar =     315.0.  Edge =      519.  Cut =    17752.  T =     0.00 sec
ABC: F:  Del = 7887.00.  Ar =     149.0.  Edge =      494.  Cut =    14844.  T =     0.00 sec
ABC: A:  Del = 7887.00.  Ar =     149.0.  Edge =      462.  Cut =    14056.  T =     0.00 sec
ABC: A:  Del = 7887.00.  Ar =     149.0.  Edge =      462.  Cut =    13989.  T =     0.00 sec
ABC: Total time =     0.01 sec
ABC: + &write -n <abc-temp-dir>/output.aig 
ABC: + &mfs 
ABC: + &ps -l 
ABC: <abc-temp-dir>/input : i/o =    253/    267  and =     637  lev =   13 (1.18)  mem = 0.03 MB  box = 279  bb = 258
ABC: Mapping (K=6)  :  lut =    120  edge =     451  lev =    4 (0.60)  levB =   16  mem = 0.01 MB
ABC: LUT = 120 : 2=9 7.5 %  3=32 26.7 %  4=59 49.2 %  5=19 15.8 %  6=1 0.8 %  Ave = 3.76
ABC: + &write -n <abc-temp-dir>/output.aig 
ABC: + &verify 
ABC: Networks are equivalent.  Time =     0.01 sec
ABC: + time 
ABC: elapse: 0.08 seconds, total: 0.08 seconds

3.44.16.6. Executing AIGER frontend.
<suppressed ~1052 debug messages>
Removed 1132 unused cells and 2358 unused wires.

3.44.16.7. Executing ABC_OPS_REINTEGRATE pass (reintegrate ABC mapped design into module).
ABC RESULTS:              $lut cells:      125
ABC RESULTS:   $paramod\ALU\ALU_MODE=s32'00000000000000000000000000000010 cells:       21
ABC RESULTS:           input signals:       33
ABC RESULTS:          output signals:      267
Removing temp directory.

3.44.17. Executing TECHMAP pass (map to technology primitives).

3.44.17.1. Executing Verilog-2005 frontend: /Users/paoloverwey/oss-cad-suite/libexec/../share/yosys/abc9_unmap.v
Parsing Verilog input from `/Users/paoloverwey/oss-cad-suite/libexec/../share/yosys/abc9_unmap.v' to AST representation.
Generating RTLIL representation for module `$__DFF_x__$abc9_flop'.
Generating RTLIL representation for module `$__ABC9_SCC_BREAKER'.
Successfully finished Verilog frontend.

3.44.17.2. Continuing TECHMAP pass.
Using template $paramod\ALU\ALU_MODE=s32'00000000000000000000000000000010 for cells of type $paramod\ALU\ALU_MODE=s32'00000000000000000000000000000010.
No more expansions possible.
<suppressed ~27 debug messages>
Removed 13 unused cells and 3009 unused wires.

3.45. Executing TECHMAP pass (map to technology primitives).

3.45.1. Executing Verilog-2005 frontend: /Users/paoloverwey/oss-cad-suite/libexec/../share/yosys/gowin/cells_map.v
Parsing Verilog input from `/Users/paoloverwey/oss-cad-suite/libexec/../share/yosys/gowin/cells_map.v' to AST representation.
Generating RTLIL representation for module `$_DFF_N_'.
Generating RTLIL representation for module `$_DFF_P_'.
Generating RTLIL representation for module `$_DFFE_PP_'.
Generating RTLIL representation for module `$_DFFE_NP_'.
Generating RTLIL representation for module `$_SDFF_PP0_'.
Generating RTLIL representation for module `$_SDFF_NP0_'.
Generating RTLIL representation for module `$_SDFFE_PP0P_'.
Generating RTLIL representation for module `$_SDFFE_NP0P_'.
Generating RTLIL representation for module `$_SDFF_PP1_'.
Generating RTLIL representation for module `$_SDFF_NP1_'.
Generating RTLIL representation for module `$_SDFFE_PP1P_'.
Generating RTLIL representation for module `$_SDFFE_NP1P_'.
Generating RTLIL representation for module `$_DFF_PP1_'.
Generating RTLIL representation for module `$_DFF_NP1_'.
Generating RTLIL representation for module `$_DFF_PP0_'.
Generating RTLIL representation for module `$_DFF_NP0_'.
Generating RTLIL representation for module `$_DFFE_PP1P_'.
Generating RTLIL representation for module `$_DFFE_NP1P_'.
Generating RTLIL representation for module `$_DFFE_PP0P_'.
Generating RTLIL representation for module `$_DFFE_NP0P_'.
Generating RTLIL representation for module `$lut'.
Successfully finished Verilog frontend.

3.45.2. Continuing TECHMAP pass.
Using template $paramod$lut\WIDTH=32'00000000000000000000000000000010\LUT=4'0001 for cells of type $lut.
Using template $paramod$59f60020976806c4ed6cb9392296692938fab2e5$lut for cells of type $lut.
Using template $paramod$fdcae86fcfd036c1880a04306ae771a9d7579c31$lut for cells of type $lut.
Using template $paramod$3eb8805ccd6f91bad96dcbf190c2fb4f72f4634f$lut for cells of type $lut.
Using template $paramod$lut\WIDTH=32'00000000000000000000000000000011\LUT=8'01010100 for cells of type $lut.
Using template $paramod$fd904e9e35cfd343a9df248824bd3f1408724879$lut for cells of type $lut.
Using template $paramod$4282def8dbd6df3d1248ad282c629bee684502c2$lut for cells of type $lut.
Using template $paramod$lut\WIDTH=32'00000000000000000000000000000011\LUT=8'01000000 for cells of type $lut.
Using template $paramod$lut\WIDTH=32'00000000000000000000000000000010\LUT=4'1000 for cells of type $lut.
Using template $paramod$c9994e2a733aa21e4bfe57075af37a9c5257c791$lut for cells of type $lut.
Using template $paramod$lut\WIDTH=32'00000000000000000000000000000011\LUT=8'00000100 for cells of type $lut.
Using template $paramod$lut\WIDTH=32'00000000000000000000000000000011\LUT=8'10101100 for cells of type $lut.
Using template $paramod$c8f16510db975553c8b0be1064e8f5234175f8a8$lut for cells of type $lut.
Using template $paramod$f65af1b660a013aeaba9a5dc41e6bdede642e3c3$lut for cells of type $lut.
Using template $paramod$lut\WIDTH=32'00000000000000000000000000000011\LUT=8'00100000 for cells of type $lut.
Using template $paramod$e49f6e3576ef1a6d2f58c54414dbb786af8cc869$lut for cells of type $lut.
Using template $paramod$f940b3836b816258cf0bf1afa7ea5d3b0e7a8025$lut for cells of type $lut.
Using template $paramod$09095f4a885193661710d1107297ca0d10ff5c6b$lut for cells of type $lut.
Using template $paramod$lut\WIDTH=32'00000000000000000000000000000011\LUT=8'00001000 for cells of type $lut.
Using template $paramod$lut\WIDTH=32'00000000000000000000000000000011\LUT=8'01111111 for cells of type $lut.
Using template $paramod$21a9cf1c7cffed4ea7970972274e8bcced7c7005$lut for cells of type $lut.
Using template $paramod$d0e13c6bb3e58284849d94fd26b352fb88549546$lut for cells of type $lut.
Using template $paramod$e1ac894a2723e96ae103a1941dc871fbb0ccd216$lut for cells of type $lut.
Using template $paramod$lut\WIDTH=32'00000000000000000000000000000011\LUT=8'10000000 for cells of type $lut.
Using template $paramod$lut\WIDTH=32'00000000000000000000000000000011\LUT=8'00000001 for cells of type $lut.
Using template $paramod$lut\WIDTH=32'00000000000000000000000000000010\LUT=4'0010 for cells of type $lut.
Using template $paramod$lut\WIDTH=32'00000000000000000000000000000011\LUT=8'11111000 for cells of type $lut.
Using template $paramod$lut\WIDTH=32'00000000000000000000000000000011\LUT=8'11111110 for cells of type $lut.
Using template $paramod$lut\WIDTH=32'00000000000000000000000000000011\LUT=8'00000010 for cells of type $lut.
Using template $paramod$lut\WIDTH=32'00000000000000000000000000000010\LUT=4'1110 for cells of type $lut.
Using template $paramod$lut\WIDTH=32'00000000000000000000000000000011\LUT=8'10010110 for cells of type $lut.
Using template $paramod$12cf840dcfda317ed4aaeef1854f713a535efc4e$lut for cells of type $lut.
Using template $paramod$ffc2ea81a65101fbef8a332deddf112494d27163$lut for cells of type $lut.
Using template $paramod$35059585e93e18989247e13034fd6a1ce4de9957$lut for cells of type $lut.
Using template $paramod$8f0127ae6e4e4fae3e6aa8d83144b199848e8539$lut for cells of type $lut.
Using template $paramod$11ec7271d8e6e5aeaace08c13e4c601f10e31038$lut for cells of type $lut.
Using template $paramod$f8f63b209b7230e81958663ff24fef1613156af7$lut for cells of type $lut.
Using template $paramod$6163e8ec0c1430fd17e4d8b17e99cc6c5c799f6c$lut for cells of type $lut.
Using template $paramod$d79e8c7f0cb3bd049a34d82ec5fe688d444e5a52$lut for cells of type $lut.
Using template $paramod$0ba7af985ab6722cb3547ad68305a7e9455a49a5$lut for cells of type $lut.
Using template $paramod$lut\WIDTH=32'00000000000000000000000000000011\LUT=8'00110101 for cells of type $lut.
Using template $paramod$a48d96b3084901aac1f541d9be59ab6aad37df36$lut for cells of type $lut.
Using template $paramod$5289dac6f25369a9a495c69c724c25ee83ad0e78$lut for cells of type $lut.
Using template $paramod$6e238df02989b317f10820a22773676e71120644$lut for cells of type $lut.
Using template $paramod$9bb0d1d0f0ef3ae4974d17978fc58c18d9e77525$lut for cells of type $lut.
Using template $paramod$17cdce4ced7b7d2009deb8784d97634e46e76612$lut for cells of type $lut.
Using template $paramod$517625bf4a7b846fd553901d881a35fcc8afe4c4$lut for cells of type $lut.
Using template $paramod$7da7d7bde408365fd9edb48231a23e665dbb7ed8$lut for cells of type $lut.
Using template $paramod$d35161d1d7976dcc02e7c7d51172431be85143b4$lut for cells of type $lut.
Using template $paramod$f58e0d90afc57a738914697b6a4a7319b30d7e7e$lut for cells of type $lut.
Using template $paramod$lut\WIDTH=32'00000000000000000000000000000010\LUT=4'1101 for cells of type $lut.
Using template $paramod$lut\WIDTH=32'00000000000000000000000000000001\LUT=2'01 for cells of type $lut.
Using template $paramod$364c9ffbffac467d60dfec81bba4e18476c15602$lut for cells of type $lut.
Using template $paramod$2f7deae5fb594b0c70bb82efd4d3682a7baaa352$lut for cells of type $lut.
Using template $paramod$47a8214374025465e226fa66bee690ff33268a25$lut for cells of type $lut.
Using template $paramod$lut\WIDTH=32'00000000000000000000000000000010\LUT=4'0100 for cells of type $lut.
Using template $paramod$a5516fc31d1e552de2435200bb732b4d4ad63a9c$lut for cells of type $lut.
Using template $paramod$54a853cac0e65b945d96d7dd0e9cca8bb9f3a21e$lut for cells of type $lut.
Using template $paramod$6b0849254d6c87461fb93e37cc18f089f61eb912$lut for cells of type $lut.
Using template $paramod$a50be0e6fa3a01511bb234559cb74fb8bd3e2061$lut for cells of type $lut.
Using template $paramod$0fcb06ed76df01e8d45bc2b9e6c8a9b43fa42cb4$lut for cells of type $lut.
Using template $paramod$lut\WIDTH=32'00000000000000000000000000000011\LUT=8'10101101 for cells of type $lut.
Using template $paramod$efa87d16d31dcff6e90739471fed729a161079c1$lut for cells of type $lut.
Using template $paramod$4c4c54894333f3af6ef0311ab8bbf37c8e7cc9da$lut for cells of type $lut.
Using template $paramod$lut\WIDTH=32'00000000000000000000000000000010\LUT=4'0110 for cells of type $lut.
Using template $paramod$7b733f5b3466ec911060896fccc5c2626cbe3d64$lut for cells of type $lut.
Using template $paramod$8adf7fbd410d2cc654c288d5be5f7508ee8809b0$lut for cells of type $lut.
Using template $paramod$lut\WIDTH=32'00000000000000000000000000000011\LUT=8'00101000 for cells of type $lut.
Using template $paramod$lut\WIDTH=32'00000000000000000000000000000011\LUT=8'01101010 for cells of type $lut.
Using template $paramod$lut\WIDTH=32'00000000000000000000000000000011\LUT=8'00010100 for cells of type $lut.
Using template $paramod$lut\WIDTH=32'00000000000000000000000000000011\LUT=8'00001101 for cells of type $lut.
Using template $paramod$b297295e19b03521716155b85537bbe86d6a9ae6$lut for cells of type $lut.
Using template $paramod$lut\WIDTH=32'00000000000000000000000000000011\LUT=8'11010000 for cells of type $lut.
Using template $paramod$lut\WIDTH=32'00000000000000000000000000000011\LUT=8'00010000 for cells of type $lut.
Using template $paramod$9664483609d9e726df9697364de1aad825ad3979$lut for cells of type $lut.
Using template $paramod$16863281a9301e30ffd8706341550763fea6fed9$lut for cells of type $lut.
Using template $paramod$a8bd02a7e5ce01918f902c876189fe753369e4f7$lut for cells of type $lut.
Using template $paramod$a581731ddcf4bc6a484ef705994ec78838f550a2$lut for cells of type $lut.
Using template $paramod$bf0d0292861bdee659ef5cbc5e58b330ac5871f9$lut for cells of type $lut.
Using template $paramod$1e18bb222b874015e5ffcc6f06d22a0714fbcf43$lut for cells of type $lut.
Using template $paramod$93fad86b93630519b724b38379e05ca19e0bd207$lut for cells of type $lut.
Using template $paramod$798f606011c1c1442dc7058f5433df9035b858f1$lut for cells of type $lut.
Using template $paramod$c7c5d18c2a2fcbb10e2d540412d27a1cf9394e63$lut for cells of type $lut.
Using template $paramod$cb9389d3bcc7824cbc8eb11c8ac4986b2acbae18$lut for cells of type $lut.
Using template $paramod$28ac42cb303ad8b86982901c4e37bb184fa4277d$lut for cells of type $lut.
Using template $paramod$7a36951baf95cd2183bd59cb8867efd49cdcf08c$lut for cells of type $lut.
Using template $paramod$79049b24b16431d880f2674f070a9d22378c25b5$lut for cells of type $lut.
Using template $paramod$61bc98ece8c76bffd4acdf40e5f231340cba90fc$lut for cells of type $lut.
Using template $paramod$e1e0860bc66b0ec3f1528c4ebf1eebcd83d23576$lut for cells of type $lut.
Using template $paramod$dd57aeee9df4f7795f0911e7ad4f399a5985097d$lut for cells of type $lut.
Using template $paramod$64892fa03b94e3b43f3ace48226dbcde5907812b$lut for cells of type $lut.
Using template $paramod$10f33ba6793ec5a038b87c7ebf795bd6544cb4cc$lut for cells of type $lut.
Using template $paramod$059a18b83f440098c69d0c68999bb03d1f1b1ff8$lut for cells of type $lut.
Using template $paramod$48ff51ecc9ba865891e818f5e8f9074105f3b668$lut for cells of type $lut.
Using template $paramod$eacec56d9f8a17dd8bd05ab410777702ff3be351$lut for cells of type $lut.
No more expansions possible.
<suppressed ~1430 debug messages>

3.46. Executing OPT_LUT_INS pass (discard unused LUT inputs).
Optimizing LUTs in message_tx.
  Optimizing lut $abc$6144$lut$aiger6143$1183.genblk1.genblk1.genblk1.genblk1.genblk1.genblk1.lut0.genblk1.genblk1.genblk1.genblk1.genblk1.lut1 (4 -> 0)
  Optimizing lut $abc$6144$lut$aiger6143$1183.genblk1.genblk1.genblk1.genblk1.genblk1.genblk1.lut0.genblk1.genblk1.genblk1.genblk1.genblk1.lut0 (4 -> 0)
  Optimizing lut $abc$6144$lut$aiger6143$1093.genblk1.genblk1.genblk1.genblk1.genblk1.lut1 (4 -> 0)
  Optimizing lut $auto$abc_ops_reintegrate.cc:450:reintegrate$6149.genblk1.genblk1.genblk1.genblk1.genblk1.lut0 (4 -> 0)
  Optimizing lut $abc$6144$lut$aiger6143$605.genblk1.genblk1.genblk1.genblk1.genblk1.lut1 (4 -> 0)
  Optimizing lut $abc$6144$lut$aiger6143$1187.genblk1.genblk1.genblk1.genblk1.genblk1.lut0 (4 -> 0)
  Optimizing lut $auto$abc_ops_reintegrate.cc:450:reintegrate$6152.genblk1.genblk1.genblk1.genblk1.genblk1.lut0 (4 -> 0)
  Optimizing lut $abc$6144$lut$aiger6143$1015.genblk1.genblk1.genblk1.genblk1.genblk1.lut0 (4 -> 3)
  Optimizing lut $abc$6144$lut$aiger6143$905.genblk1.genblk1.genblk1.genblk1.genblk1.lut0 (4 -> 3)
  Optimizing lut $auto$abc_ops_reintegrate.cc:450:reintegrate$6150.genblk1.genblk1.genblk1.genblk1.genblk1.lut0 (4 -> 0)
  Optimizing lut $abc$6144$lut$aiger6143$1171.genblk1.genblk1.genblk1.genblk1.genblk1.lut0 (4 -> 0)
  Optimizing lut $abc$6144$lut$aiger6143$728.genblk1.genblk1.genblk1.genblk1.genblk1.lut1 (4 -> 0)
  Optimizing lut $abc$6144$lut$aiger6143$1146.genblk1.genblk1.genblk1.genblk1.genblk1.lut1 (4 -> 2)
  Optimizing lut $abc$6144$lut$aiger6143$851.genblk1.genblk1.genblk1.genblk1.genblk1.lut0 (4 -> 3)
  Optimizing lut $abc$6144$lut$aiger6143$953.genblk1.genblk1.genblk1.genblk1.genblk1.lut1 (4 -> 0)
  Optimizing lut $abc$6144$lut$aiger6143$1183.genblk1.genblk1.genblk1.genblk1.genblk1.genblk1.lut1.genblk1.genblk1.genblk1.genblk1.genblk1.lut0 (4 -> 0)

3.47. Executing HILOMAP pass (mapping to constant drivers).
Removed 0 unused cells and 404 unused wires.

3.48. Executing AUTONAME pass.
Renamed 606 objects in module message_tx (139 iterations).
<suppressed ~606 debug messages>

3.49. Executing HIERARCHY pass (managing design hierarchy).
Attribute `top' found on module `message_tx'. Setting top module to message_tx.

3.49.1. Analyzing design hierarchy..
Top module:  \message_tx

3.49.2. Analyzing design hierarchy..
Top module:  \message_tx
Removed 0 unused modules.

3.50. Printing statistics.

=== message_tx ===

        +----------Local Count, excluding submodules.
        | 
      260 wires
      594 wire bits
      260 public wires
      594 public wire bits
       11 ports
       70 port bits
      245 cells
        1   $scopeinfo
        1   GND
       66   IBUF
       17   LUT1
       11   LUT2
       37   LUT3
       85   LUT4
       21   MUX2_LUT5
        1   MUX2_LUT6
        4   OBUF
        1   VCC
      138 submodules
       21   ALU
        3   DFF
       87   DFFE
       26   DFFRE
        1   DFFSE

=== design hierarchy ===

        +----------Count including submodules.
        | 
      245 message_tx

        +----------Count including submodules.
        | 
      260 wires
      594 wire bits
      260 public wires
      594 public wire bits
       11 ports
       70 port bits
        - memories
        - memory bits
        - processes
      245 cells
        1   $scopeinfo
        1   GND
       66   IBUF
       17   LUT1
       11   LUT2
       37   LUT3
       85   LUT4
       21   MUX2_LUT5
        1   MUX2_LUT6
        4   OBUF
        1   VCC
      138 submodules
       21   ALU
        3   DFF
       87   DFFE
       26   DFFRE
        1   DFFSE

3.51. Executing CHECK pass (checking for obvious problems).
Checking module message_tx...
Found and reported 0 problems.

4. Printing statistics.

=== message_tx ===

        +----------Local Count, excluding submodules.
        | 
      260 wires
      594 wire bits
      260 public wires
      594 public wire bits
       11 ports
       70 port bits
      383 cells
        1   $scopeinfo
       21   ALU
        3   DFF
       87   DFFE
       26   DFFRE
        1   DFFSE
        1   GND
       66   IBUF
       17   LUT1
       11   LUT2
       37   LUT3
       85   LUT4
       21   MUX2_LUT5
        1   MUX2_LUT6
        4   OBUF
        1   VCC

End of script. Logfile hash: 651bf2554d, time: 0.43s, user: 0.26s, system: 0.05s, MEM: 45.52 MB peak
Yosys 0.66+91 (git sha1 8869ce61d, Release, Clang /usr/local/osxcross/target/bin/aarch64-apple-darwin23.5-clang++ 18.1.8)
Time spent: 23% 1x abc9_exe (0 sec), 20% 27x read_verilog (0 sec), ...
